==================================== INPUT ====================================
# expected-to-throw
fragment Foo on Node {
  ... on User {
    ...Updatable_user
  }
}

fragment Updatable_user on User @updatable {
  __typename
}
==================================== ERROR ====================================
✖︎ Updatable fragments cannot be spread inside an inline fragment at the top level without an enclosing linked field. Try adding `@alias` to the fragment spread.

  updatable_fragment_spread_top_level_in_inline_fragment.invalid.graphql:4:8
    3 │   ... on User {
    4 │     ...Updatable_user
      │        ^^^^^^^^^^^^^^
    5 │   }
