==================================== INPUT ====================================
mutation CommentCreateMutation(
  $input: CommentCreateInput!
  $first: Int
  $orderBy: [String!]
) {
  commentCreate(input: $input) {
    comment {
      id
      name
      friends(first: $first, orderby: $orderBy) {
        count
      }
    }
  }
}
==================================== OUTPUT ===================================
export type CommentCreateInput = {|
  clientMutationId?: ?string,
  feedbackId?: ?string,
  feedback?: ?CommentfeedbackFeedback,
|};
export type CommentfeedbackFeedback = {|
  comment?: ?FeedbackcommentComment,
|};
export type FeedbackcommentComment = {|
  feedback?: ?CommentfeedbackFeedback,
|};
export type CommentCreateMutation$variables = {|
  input: CommentCreateInput,
  first?: ?number,
  orderBy?: ?$ReadOnlyArray<string>,
|};
export type CommentCreateMutation$data = {|
  +commentCreate: ?{|
    +comment: ?{|
      +id: string,
      +name: ?string,
      +friends: ?{|
        +count: ?number,
      |},
    |},
  |},
|};
