==================================== INPUT ====================================
mutation CommentCreateMutation(
  $input: CommentCreateInput!
  $first: Int
  $orderBy: [String!]
) @raw_response_type {
  commentCreate(input: $input) {
    comment {
      friends(first: $first, orderby: $orderBy) {
        edges {
          node {
            lastName
            ...FriendFragment
          }
        }
      }
    }
  }
}

fragment FriendFragment on User {
  name
  lastName
  feedback {
    ...FeedbackFragment
  }
}

fragment FeedbackFragment on Feedback {
  id
  name
}
==================================== OUTPUT ===================================
import type { FriendFragment$fragmentType } from "FriendFragment.graphql";
export type CommentCreateInput = {
  client_mutation_id: string,
  feedback?: ?CommentfeedbackFeedback,
  feedbackId?: ?string,
};
export type CommentfeedbackFeedback = {
  comment?: ?FeedbackcommentComment,
};
export type FeedbackcommentComment = {
  feedback?: ?CommentfeedbackFeedback,
};
export type CommentCreateMutation$variables = {
  first?: ?number,
  input: CommentCreateInput,
  orderBy?: ?ReadonlyArray<string>,
};
export type CommentCreateMutation$data = {
  readonly commentCreate: ?{
    readonly comment: ?{
      readonly friends: ?{
        readonly edges: ?ReadonlyArray<?{
          readonly node: ?{
            readonly lastName: ?string,
            readonly $fragmentSpreads: FriendFragment$fragmentType,
          },
        }>,
      },
    },
  },
};
export type CommentCreateMutation$rawResponse = {
  readonly commentCreate: ?{
    readonly comment: ?{
      readonly friends: ?{
        readonly edges: ?ReadonlyArray<?{
          readonly node: ?{
            readonly feedback: ?{
              readonly id: string,
              readonly name: ?string,
            },
            readonly id: string,
            readonly lastName: ?string,
            readonly name: ?string,
          },
        }>,
      },
      readonly id: string,
    },
  },
};
export type CommentCreateMutation = {
  rawResponse: CommentCreateMutation$rawResponse,
  response: CommentCreateMutation$data,
  variables: CommentCreateMutation$variables,
};
-------------------------------------------------------------------------------
import type { FragmentType } from "relay-runtime";
declare export opaque type FeedbackFragment$fragmentType: FragmentType;
export type FeedbackFragment$data = {
  readonly id: string,
  readonly name: ?string,
  readonly $fragmentType: FeedbackFragment$fragmentType,
};
export type FeedbackFragment$key = {
  readonly $data?: FeedbackFragment$data,
  readonly $fragmentSpreads: FeedbackFragment$fragmentType,
  ...
};
-------------------------------------------------------------------------------
import type { FeedbackFragment$fragmentType } from "FeedbackFragment.graphql";
import type { FragmentType } from "relay-runtime";
declare export opaque type FriendFragment$fragmentType: FragmentType;
export type FriendFragment$data = {
  readonly feedback: ?{
    readonly $fragmentSpreads: FeedbackFragment$fragmentType,
  },
  readonly lastName: ?string,
  readonly name: ?string,
  readonly $fragmentType: FriendFragment$fragmentType,
};
export type FriendFragment$key = {
  readonly $data?: FriendFragment$data,
  readonly $fragmentSpreads: FriendFragment$fragmentType,
  ...
};
