==================================== INPUT ====================================
fragment MyFragment on ClientUser @throwOnFieldError {
  favorite_numbers
}

%extensions%

type ClientUser {
  favorite_numbers: [Int] @semanticNonNull(levels: [1])
}
==================================== OUTPUT ===================================
import type { FragmentType } from "relay-runtime";
declare export opaque type MyFragment$fragmentType: FragmentType;
export type MyFragment$data = {|
  +favorite_numbers: ?ReadonlyArray<number>,
  +$fragmentType: MyFragment$fragmentType,
|};
export type MyFragment$key = {
  +$data?: MyFragment$data,
  +$fragmentSpreads: MyFragment$fragmentType,
  ...
};
