==================================== INPUT ====================================
# noop because FeedbackLikeResponsePayload has no js field
subscription FeedbackLikeSubscription($input: FeedbackLikeInput!) {
  feedbackLikeSubscribe(input: $input) {
    ...FeedbackLike_FeedbackLikeResponsePayload
  }
}

fragment FeedbackLike_FeedbackLikeResponsePayload on FeedbackLikeResponsePayload {
  __typename
}
==================================== OUTPUT ===================================
subscription FeedbackLikeSubscription(
  $input: FeedbackLikeInput!
) {
  feedbackLikeSubscribe(input: $input) {
    ...FeedbackLike_FeedbackLikeResponsePayload
  }
}

fragment FeedbackLike_FeedbackLikeResponsePayload on FeedbackLikeResponsePayload {
  __typename
}
