==================================== INPUT ====================================
//- module.js

/**
 * Copyright (c) Meta Platforms, Inc. and affiliates.
 *
 * This source code is licensed under the MIT license found in the
 * LICENSE file in the root directory of this source tree.
 */

import type CatFlowType from 'Cat';
import type { LiveState } from 'relay-runtime';

/**
 * @RelayResolver
 */
export function Cat(id: DataID): CatFlowType {
  return {};
}

/**
 * @RelayResolver
 */
export function mood(cat: CatFlowType): LiveState<string> {
  return {
    read: () => store.getState().counter,
    subscribe: (cb) => {
      return store.subscribe(cb);
    },
  };
}
==================================== OUTPUT ===================================
Field(
    TerseRelayResolver(
        TerseRelayResolverIr {
            field: FieldDefinition {
                name: Identifier {
                    span: 409:413,
                    token: Token {
                        span: 409:413,
                        kind: Identifier,
                    },
                    value: "mood",
                },
                type_: NonNull(
                    NonNullTypeAnnotation {
                        span: 443:449,
                        type_: Named(
                            NamedTypeAnnotation {
                                name: Identifier {
                                    span: 443:449,
                                    token: Token {
                                        span: 443:449,
                                        kind: Identifier,
                                    },
                                    value: "String",
                                },
                            },
                        ),
                        exclamation: Token {
                            span: 0:0,
                            kind: Empty,
                        },
                    },
                ),
                arguments: None,
                directives: [],
                description: None,
                hack_source: None,
                span: 409:413,
            },
            type_: WithLocation {
                location: <generated>:320:323,
                item: "Cat",
            },
            root_fragment: None,
            deprecated: None,
            semantic_non_null: None,
            live: Some(
                UnpopulatedIrField {
                    key_location: module.js:433:450,
                },
            ),
            location: module.js:409:413,
            fragment_arguments: None,
            source_hash: ResolverSourceHash(
                "9f3118df130187c7be17ebe0dc65e441",
            ),
        },
    ),
)
extend type Cat {
  mood: String! @relay_resolver(fragment_name: "Cat____relay_model_instance", generated_fragment: true, inject_fragment_data: "__relay_model_instance", has_output_type: true, import_name: "mood", import_path: "module.js", live: true) @resolver_source_hash(value: "9f3118df130187c7be17ebe0dc65e441")
}


Type(
    StrongObjectResolver(
        StrongObjectIr {
            type_name: Identifier {
                span: 320:323,
                token: Token {
                    span: 320:323,
                    kind: Identifier,
                },
                value: "Cat",
            },
            rhs_location: module.js:320:323,
            root_fragment: WithLocation {
                location: module.js:320:323,
                item: FragmentDefinitionName(
                    "Cat__id",
                ),
            },
            description: None,
            deprecated: None,
            live: None,
            semantic_non_null: None,
            location: module.js:320:323,
            implements_interfaces: [],
            source_hash: ResolverSourceHash(
                "9f3118df130187c7be17ebe0dc65e441",
            ),
        },
    ),
)
type Cat @__RelayResolverModel {
  id: ID!
  __relay_model_instance: RelayResolverValue! @relay_resolver(generated_fragment: true, fragment_name: "Cat__id", import_name: "Cat", import_path: "module.js", inject_fragment_data: "id") @resolver_source_hash(value: "9f3118df130187c7be17ebe0dc65e441") @unselectable(reason: "This field is intended only for Relay's internal use")
}
