==================================== INPUT ====================================
/**
 * Copyright (c) Meta Platforms, Inc. and affiliates.
 *
 * This source code is licensed under the MIT license found in the
 * LICENSE file in the root directory of this source tree.
 */

//- module.js

import type CatFlowType from 'Cat';

/**
 * @RelayResolver
 */
export function Cat(id: DataID): CatFlowType {
  return {};
}


/**
 * @RelayResolver
 */
export function name(id: CatFlowType | DogFlowType): boolean {
  return {};
}
==================================== OUTPUT ===================================
Type(
    StrongObjectResolver(
        StrongObjectIr {
            type_name: Identifier {
                span: 80:83,
                token: Token {
                    span: 80:83,
                    kind: Identifier,
                },
                value: "Cat",
            },
            rhs_location: module.js:80:83,
            root_fragment: WithLocation {
                location: module.js:80:83,
                item: FragmentDefinitionName(
                    "Cat__id",
                ),
            },
            description: None,
            deprecated: None,
            live: None,
            semantic_non_null: None,
            location: module.js:80:83,
            implements_interfaces: [],
            source_hash: ResolverSourceHash(
                "c2f0ff1be02d29f7199c1e600ba5a95e",
            ),
            type_confirmed: true,
        },
    ),
)
type Cat @__RelayResolverModel {
  id: ID! @__RelayResolverModelGeneratedIDField
  __relay_model_instance: RelayResolverValue! @relay_resolver(generated_fragment: true, fragment_name: "Cat__id", import_name: "Cat", import_path: "module.js", inject_fragment_data: "id") @resolver_source_hash(value: "c2f0ff1be02d29f7199c1e600ba5a95e") @unselectable(reason: "This field is intended only for Relay's internal use")
}


✖︎ UnionTypeAnnotation is not supported

  module.js:15:26
   14 │  */
   15 │ export function name(id: CatFlowType | DogFlowType): boolean {
      │                          ^^^^^^^^^^^^^^^^^^^^^^^^^
   16 │   return {};
