==================================== INPUT ====================================
# expected-to-throw

fragment Foo_user on User {
  poppy: pop_star_name {
    __typename
  }
}

fragment PopStarNameResolverFragment_name on User {
  name
  address {
    street
  }
  parents {
    lastName
  }
}

# %extensions%
type PopStarName {
  stage_name: IStageName
  also_a_stage_name: IStageName
}

interface IStageName {
  value: String
}

extend type User {
  pop_star_name: PopStarName @relay_resolver(fragment_name: "PopStarNameResolverFragment_name", import_path: "PopStarNameResolver", has_output_type: true)
  top_level: IStageName @relay_resolver(fragment_name: "PopStarNameResolverFragment_name", import_path: "PopStarNameResolver", has_output_type: true)
}
==================================== ERROR ====================================
[31m✖︎ No types implement the client interface IStageName. Interfaces returned by a @RelayResolver must have at least one concrete implementation.[0m

  [4moutput-type-with-unimplemented-interface.invalid.graphql[0m[2m:7:11[0m
[1m    6 │ [0m
[1m    7 │ [0minterface [31mI[0m[31mS[0m[31mt[0m[31ma[0m[31mg[0m[31me[0m[31mN[0m[31ma[0m[31mm[0m[31me[0m {
      │ [31m          ^^^^^^^^^^[0m
[1m    8 │ [0m  value: String


[31m✖︎ No types implement the client interface IStageName. Interfaces returned by a @RelayResolver must have at least one concrete implementation.[0m

  [4moutput-type-with-unimplemented-interface.invalid.graphql[0m[2m:7:11[0m
[1m    6 │ [0m
[1m    7 │ [0minterface [31mI[0m[31mS[0m[31mt[0m[31ma[0m[31mg[0m[31me[0m[31mN[0m[31ma[0m[31mm[0m[31me[0m {
      │ [31m          ^^^^^^^^^^[0m
[1m    8 │ [0m  value: String


[31m✖︎ No types implement the client interface IStageName. Interfaces returned by a @RelayResolver must have at least one concrete implementation.[0m

  [4moutput-type-with-unimplemented-interface.invalid.graphql[0m[2m:7:11[0m
[1m    6 │ [0m
[1m    7 │ [0minterface [31mI[0m[31mS[0m[31mt[0m[31ma[0m[31mg[0m[31me[0m[31mN[0m[31ma[0m[31mm[0m[31me[0m {
      │ [31m          ^^^^^^^^^^[0m
[1m    8 │ [0m  value: String
