==================================== INPUT ====================================
# expected-to-throw

fragment Foo_user on User {
  poppy: pop_star_name {
    __typename
  }
}

fragment PopStarNameResolverFragment_name on User {
  name
  address {
    street
  }
  parents {
    lastName
  }
}

# %extensions%
type PopStarName {
  stage_name: IStageName
  also_a_stage_name: IStageName
}

interface IStageName {
  value: String
  stage_name: IStageName
}

type Foo implements IStageName {
  value: String
  stage_name: IStageName
}

extend type User {
  pop_star_name: PopStarName @relay_resolver(fragment_name: "PopStarNameResolverFragment_name", import_path: "PopStarNameResolver", has_output_type: true)
}
==================================== ERROR ====================================
[31m✖︎ @RelayResolver type recursion detected for the output type `IStageName`. This is not supported for `@outputType` resolvers. If you want to model a connection between two entities of the same GraphQL type, consider creating a new Relay Resolver with `@edgeTo` annotation.[0m

  [4moutput-type-with-client-interface-recursion.invalid.graphql[0m[2m:14:3[0m
[1m   13 │ [0m  value: String
[1m   14 │ [0m  [31ms[0m[31mt[0m[31ma[0m[31mg[0m[31me[0m[31m_[0m[31mn[0m[31ma[0m[31mm[0m[31me[0m: IStageName
      │ [31m  ^^^^^^^^^^[0m
[1m   15 │ [0m}


✖︎ @RelayResolver type recursion detected for the output type `IStageName`. This is not supported for `@outputType` resolvers. If you want to model a connection between two entities of the same GraphQL type, consider creating a new Relay Resolver with `@edgeTo` annotation.

  output-type-with-client-interface-recursion.invalid.graphql:14:3
   13 │   value: String
[1m   14 │ [0m  [31ms[0m[31mt[0m[31ma[0m[31mg[0m[31me[0m[31m_[0m[31mn[0m[31ma[0m[31mm[0m[31me[0m: IStageName
      │ [31m  ^^^^^^^^^^[0m
[1m   15 │ [0m}
