==================================== INPUT ====================================
mutation CommentCreateMutation(
  $input: CommentCreateInput!
  $first: Int
  $orderBy: [String!]
) @raw_response_type {
  commentCreate(input: $input) {
    comment {
      friends(first: $first, orderby: $orderBy) {
        edges {
          node {
            lastName
            ...FriendFragment
          }
        }
      }
    }
  }
}

fragment FriendFragment on User {
  name
  lastName
  feedback {
    ...FeedbackFragment
  }
}

fragment FeedbackFragment on Feedback {
  id
  name
}
==================================== OUTPUT ===================================
import { FragmentRefs } from "relay-runtime";
export type CommentCreateInput = {
  clientMutationId?: string | null;
  feedbackId?: string | null;
  feedback?: CommentfeedbackFeedback | null;
};
export type CommentfeedbackFeedback = {
  comment?: FeedbackcommentComment | null;
};
export type FeedbackcommentComment = {
  feedback?: CommentfeedbackFeedback | null;
};
export type CommentCreateMutation$variables = {
  input: CommentCreateInput;
  first?: number | null;
  orderBy?: ReadonlyArray<string> | null;
};
export type CommentCreateMutation$data = {
  readonly commentCreate: {
    readonly comment: {
      readonly friends: {
        readonly edges: ReadonlyArray<{
          readonly node: {
            readonly lastName: string | null;
            readonly " $fragmentSpreads": FragmentRefs<"FriendFragment">;
          } | null;
        } | null> | null;
      } | null;
    } | null;
  } | null;
};
export type CommentCreateMutation$rawResponse = {
  readonly commentCreate: {
    readonly comment: {
      readonly friends: {
        readonly edges: ReadonlyArray<{
          readonly node: {
            readonly lastName: string | null;
            readonly name: string | null;
            readonly feedback: {
              readonly id: string;
              readonly name: string | null;
            } | null;
            readonly id: string;
          } | null;
        } | null> | null;
      } | null;
      readonly id: string;
    } | null;
  } | null;
};
export type CommentCreateMutation = {
  variables: CommentCreateMutation$variables;
  response: CommentCreateMutation$data;
};
-------------------------------------------------------------------------------
import { FragmentRefs } from "relay-runtime";
export type FeedbackFragment$data = {
  readonly id: string;
  readonly name: string | null;
  readonly " $fragmentType": "FeedbackFragment";
};
export type FeedbackFragment$key = {
  readonly " $data"?: FeedbackFragment$data;
  readonly " $fragmentSpreads": FragmentRefs<"FeedbackFragment">;
};
-------------------------------------------------------------------------------
import { FragmentRefs } from "relay-runtime";
export type FriendFragment$data = {
  readonly name: string | null;
  readonly lastName: string | null;
  readonly feedback: {
    readonly " $fragmentSpreads": FragmentRefs<"FeedbackFragment">;
  } | null;
  readonly " $fragmentType": "FriendFragment";
};
export type FriendFragment$key = {
  readonly " $data"?: FriendFragment$data;
  readonly " $fragmentSpreads": FragmentRefs<"FriendFragment">;
};
