==================================== INPUT ====================================
mutation Test($input: UpdateAllSeenStateInput) @raw_response_type {
  viewerNotificationsUpdateAllSeenState(input: $input) {
    stories {
      foos {
        bar
      }
    }
  }
}

#%extensions%

extend type Story {
  foos: [Foo]
}

type Foo {
  bar: String
}
==================================== OUTPUT ===================================
export type UpdateAllSeenStateInput = {
  clientMutationId?: string,
  storyIds?: ReadonlyArray<string | null>,
};
export type TestVariables = {
  input?: UpdateAllSeenStateInput
};
export type TestResponse = {
  readonly viewerNotificationsUpdateAllSeenState?: {
    readonly stories?: ReadonlyArray<{
      readonly foos?: ReadonlyArray<{
        readonly bar?: string
      } | null>
    } | null>
  }
};
export type TestRawResponse = {
  readonly viewerNotificationsUpdateAllSeenState?: {
    readonly stories?: ReadonlyArray<{
      readonly id: string,
      readonly foos?: ReadonlyArray<{
        readonly bar?: string
      } | null>,
    } | null>
  }
};
export type Test = {
  variables: TestVariables,
  response: TestResponse,
  rawResponse: TestRawResponse,
};
