==================================== INPUT ====================================
query ExampleQuery($id: ID!, $condition: Boolean!) @raw_response_type {
  node(id: $id) {
    ...FriendFragment
  }
}

fragment FriendFragment on User {
  ... @include(if: $condition) {
    name
    lastName
    feedback {
      id
      name
    }
  }
}
==================================== OUTPUT ===================================
import { FragmentRefs } from "relay-runtime";
export type ExampleQueryVariables = {
  id: string;
  condition: boolean;
};
export type ExampleQueryResponse = {
  readonly node: {
    readonly " $fragmentRefs": FragmentRefs<"FriendFragment">;
  } | null;
};
export type ExampleQueryRawResponse = {
  readonly node: {
    readonly __typename: "User";
    readonly id: string;
    readonly name: string | null;
    readonly lastName: string | null;
    readonly feedback: {
      readonly id: string;
      readonly name: string | null;
    } | null;
  } | {
    readonly __typename: string;
    readonly id: string;
  } | null;
};
export type ExampleQuery = {
  variables: ExampleQueryVariables;
  response: ExampleQueryResponse;
  rawResponse: ExampleQueryRawResponse;
};
-------------------------------------------------------------------------------
import { FragmentRefs } from "relay-runtime";
export type FriendFragment = {
  readonly name?: string | null;
  readonly lastName?: string | null;
  readonly feedback?: {
    readonly id: string;
    readonly name: string | null;
  } | null;
  readonly " $refType": "FriendFragment";
};
export type FriendFragment$data = FriendFragment;
export type FriendFragment$key = {
  readonly " $data"?: FriendFragment$data;
  readonly " $fragmentRefs": FragmentRefs<"FriendFragment">;
};
