==================================== INPUT ====================================
mutation CommentCreateMutation($input: CommentCreateInput!) {
  commentCreate(input: $input) @required(action: LOG) {
    comment @required(action: LOG) {
      id @required(action: LOG)
    }
  }
}
==================================== OUTPUT ===================================
export type CommentCreateInput = {
  clientMutationId?: string | null;
  feedbackId?: string | null;
  feedback?: CommentfeedbackFeedback | null;
};
export type CommentfeedbackFeedback = {
  comment?: FeedbackcommentComment | null;
};
export type FeedbackcommentComment = {
  feedback?: CommentfeedbackFeedback | null;
};
export type CommentCreateMutation$variables = {
  input: CommentCreateInput;
};
export type CommentCreateMutation$data = {
  readonly commentCreate: {
    readonly comment: {
      readonly id: string;
    };
  };
} | null;
export type CommentCreateMutation = {
  variables: CommentCreateMutation$variables;
  response: CommentCreateMutation$data;
};
