==================================== INPUT ====================================
fragment Foo on Node {
  id
  ... on User {
    __typename
  }
}
==================================== OUTPUT ===================================
import { FragmentRefs } from "relay-runtime";
export type Foo$data = {
  readonly __typename: "User";
  readonly id: string;
  readonly " $fragmentType": "Foo";
} | {
  // This will never be '%other', but we need some
  // value in case none of the concrete values match.
  readonly __typename: "%other";
  readonly " $fragmentType": "Foo";
};
export type Foo$key = {
  readonly " $data"?: Foo$data;
  readonly " $fragmentSpreads": FragmentRefs<"Foo">;
};
