==================================== INPUT ====================================
query UpdatableQuery @updatable {
  viewer {
    ...Assignable_viewer
  }
}

fragment Assignable_viewer on Viewer @assignable {
  __typename
}
==================================== OUTPUT ===================================
import { FragmentRefs } from "relay-runtime";
export type UpdatableQuery$variables = Record<PropertyKey, never>;
export type UpdatableQuery$data = {
  get viewer(): Record<PropertyKey, never> | null | undefined;
  set viewer(value: {
    readonly __typename: "Viewer";
    readonly __id: string;
    readonly " $fragmentSpreads": FragmentRefs<"Assignable_viewer">;
  } | null | undefined);
};
export type UpdatableQuery = {
  response: UpdatableQuery$data;
  variables: UpdatableQuery$variables;
};
-------------------------------------------------------------------------------
import { FragmentRefs } from "relay-runtime";
