==================================== INPUT ====================================
# expected-to-throw
fragment AssignableFragment on Page @assignable {
  but_why_would_you_do_this: __typename
}
==================================== ERROR ====================================
✖︎ Assignable fragments should contain only a single, unaliased __typename field with no directives.

  assignable-fragment-aliased-typename.invalid.graphql:3:30
    2 │ fragment AssignableFragment on Page @assignable {
    3 │   but_why_would_you_do_this: __typename
      │                              ^^^^^^^^^^
    4 │ }
