==================================== INPUT ====================================
# expected-to-throw

fragment InvalidArgumentDirectives on User
@argumentDefinitions(
  # incorrect argument in directive
  invalid_directive_arg: {
    type: "ID"
    directives: ["@configurable(arg_does_not_exist: 1)"]
  }
) {
  __typename
}
==================================== ERROR ====================================
✖︎ Unknown argument 'arg_does_not_exist'

  argument_definitions_directives_invalid_directive_arg.invalid.graphql:8:18
    7 │     type: "ID"
    8 │     directives: ["@configurable(arg_does_not_exist: 1)"]
      │                  ^^^^^^^^^^^^^^^^^^^^^^^^^^^^^^^^^^^^^^
    9 │   }
