==================================== INPUT ====================================
# expected-to-throw
fragment TestFragment on User
  @argumentDefinitions(
    id: {type: "ID!"}
    size: {type: "[Int]", defaultValue: [100]}
  ) {
  profilePicture(size: $PictureSize) {
    uri
  }
  withDefaultArg: profilePicture(size: $size) {
    uri
  }
  ...Foo @uncheckedArguments_DEPRECATED(localId: $id)
}

fragment Foo on User @argumentDefinitions(localId: {type: "ID!"}) {
  id
}
==================================== ERROR ====================================
✖︎ Invalid use of @uncheckedArguments_DEPRECATED: all arguments are defined and of correct type, use @arguments instead.

  fragment-with-unnecessary-unchecked-arguments.invalid.graphql:13:40
   12 │   }
   13 │   ...Foo @uncheckedArguments_DEPRECATED(localId: $id)
      │                                        ^^^^^^^^^^^^^^
   14 │ }
