==================================== INPUT ====================================
# expected-to-throw

fragment Foo on User {
  neighbors {
    ... on Node {
      ... on Page {
        __typename
      }
    }
  }
}
==================================== ERROR ====================================
[31m✖︎ Invalid type 'Page' in inline fragment, this type can never occur for parent type 'User'[0m

  [4minline-fragment-within-linked-field-and-wrong-inline-fragment.invalid.graphql[0m[2m:6:14[0m
[1m    5 │ [0m    ... on Node {
[1m    6 │ [0m      ... on [31mP[0m[31ma[0m[31mg[0m[31me[0m {
      │ [31m             ^^^^[0m
[1m    7 │ [0m        __typename
