==================================== INPUT ====================================
query TestQuery($id: ID!) {
  foo: node(id: $id) {
    id
  }
}
==================================== OUTPUT ===================================
[
    Operation(
        OperationDefinition {
            kind: Query,
            name: Spanned {
                span: 6:15,
                item: "TestQuery",
            },
            type_: Object(0),
            variable_definitions: [
                VariableDefinition {
                    name: Spanned {
                        span: 16:19,
                        item: "id",
                    },
                    type_: NonNull(
                        Named(
                            Scalar(4),
                        ),
                    ),
                    default_value: None,
                    directives: [],
                },
            ],
            directives: [],
            selections: [
                LinkedField {
                    alias: Some(
                        Spanned {
                            span: 27:33,
                            item: "foo",
                        },
                    ),
                    definition: Spanned {
                        span: 35:39,
                        item: FieldID(
                            9,
                        ),
                    },
                    arguments: [
                        Argument {
                            name: Spanned {
                                span: 40:42,
                                item: "id",
                            },
                            value: Spanned {
                                span: 44:47,
                                item: Variable(
                                    Variable {
                                        name: Spanned {
                                            span: 44:47,
                                            item: "id",
                                        },
                                        type_: Named(
                                            Scalar(4),
                                        ),
                                    },
                                ),
                            },
                        },
                    ],
                    directives: [],
                    selections: [
                        ScalarField {
                            alias: None,
                            definition: Spanned {
                                span: 50:57,
                                item: FieldID(
                                    207,
                                ),
                            },
                            arguments: [],
                            directives: [],
                        },
                    ],
                },
            ],
        },
    ),
]
