==================================== INPUT ====================================
# expected-to-throw
query TestQuery($id: UnknownType) {
  node(id: "someid") {
    id
  }
}
==================================== ERROR ====================================
Unknown type 'UnknownType':
undefined-type.invalid.graphql:1:22:
query TestQuery($id: UnknownType) {
