==================================== INPUT ====================================
fragment NameRendererFragment on User {
  id
  nameRenderer {
    ...PlainUserNameRenderer_name @module(name: "PlainUserNameRenderer.react")
    ...MarkdownUserNameRenderer_name
      @module(name: "MarkdownUserNameRenderer.react")
  }
}

fragment PlainUserNameRenderer_name on PlainUserNameRenderer {
  plaintext
  data {
    text
  }
}

fragment MarkdownUserNameRenderer_name on MarkdownUserNameRenderer {
  markdown
  data {
    markup
  }
}
==================================== OUTPUT ===================================
fragment MarkdownUserNameRenderer_name on MarkdownUserNameRenderer {
  markdown
  data {
    markup
  }
}

fragment NameRendererFragment on User @__dataDrivenDependencyMetadata(NameRendererFragment.nameRenderer: "{"branches":{"MarkdownUserNameRenderer":{"component":"MarkdownUserNameRenderer.react","fragment":"MarkdownUserNameRenderer_name$normalization.graphql"},"PlainUserNameRenderer":{"component":"PlainUserNameRenderer.react","fragment":"PlainUserNameRenderer_name$normalization.graphql"}},"plural":false}") {
  id
  nameRenderer {
    ... on PlainUserNameRenderer {
      ... on PlainUserNameRenderer @__ModuleMetadata
      # ModuleMetadata {
      #     location: module-without-match.graphql:96:103,
      #     key: "NameRendererFragment",
      #     module_id: "NameRendererFragment.nameRenderer",
      #     module_name: "PlainUserNameRenderer.react",
      #     source_document_name: "NameRendererFragment",
      #     fragment_name: "PlainUserNameRenderer_name",
      #     no_inline: false,
      # }
       {
        ...PlainUserNameRenderer_name
        __module_operation_NameRendererFragment: js(module: "PlainUserNameRenderer_name$normalization.graphql", id: "NameRendererFragment.nameRenderer")
        __module_component_NameRendererFragment: js(module: "PlainUserNameRenderer.react", id: "NameRendererFragment.nameRenderer")
      }
    }
    ... on MarkdownUserNameRenderer {
      ... on MarkdownUserNameRenderer @__ModuleMetadata
      # ModuleMetadata {
      #     location: module-without-match.graphql:184:191,
      #     key: "NameRendererFragment",
      #     module_id: "NameRendererFragment.nameRenderer",
      #     module_name: "MarkdownUserNameRenderer.react",
      #     source_document_name: "NameRendererFragment",
      #     fragment_name: "MarkdownUserNameRenderer_name",
      #     no_inline: false,
      # }
       {
        ...MarkdownUserNameRenderer_name
        __module_operation_NameRendererFragment: js(module: "MarkdownUserNameRenderer_name$normalization.graphql", id: "NameRendererFragment.nameRenderer")
        __module_component_NameRendererFragment: js(module: "MarkdownUserNameRenderer.react", id: "NameRendererFragment.nameRenderer")
      }
    }
  }
}

fragment PlainUserNameRenderer_name on PlainUserNameRenderer {
  plaintext
  data {
    text
  }
}
