==================================== INPUT ====================================
query fieldsWithNullArgumentValues_NodeQuery($id: ID!) {
  node(id: $id) {
    id
    ... on Story {
      comments(first: 10, last: null) {
        __typename
      }
      comments2: comments(first: null, after: "1") {
        __typename
      }
      comments3: comments(first: null, last: null) {
        __typename
      }
      comments4: comments(first: null, last: 10) {
        __typename
      }
    }
  }
}
==================================== OUTPUT ===================================
{
  "fragment": {
    "argumentDefinitions": [
      {
        "defaultValue": null,
        "kind": "LocalArgument",
        "name": "id"
      }
    ],
    "kind": "Fragment",
    "metadata": null,
    "name": "fieldsWithNullArgumentValues_NodeQuery",
    "selections": [
      {
        "alias": null,
        "args": [
          {
            "kind": "Variable",
            "name": "id",
            "variableName": "id"
          }
        ],
        "concreteType": null,
        "kind": "LinkedField",
        "name": "node",
        "plural": false,
        "selections": [
          {
            "alias": null,
            "args": null,
            "kind": "ScalarField",
            "name": "id",
            "storageKey": null
          },
          {
            "kind": "InlineFragment",
            "selections": [
              {
                "alias": null,
                "args": [
                  {
                    "kind": "Literal",
                    "name": "first",
                    "value": 10
                  }
                ],
                "concreteType": "CommentsConnection",
                "kind": "LinkedField",
                "name": "comments",
                "plural": false,
                "selections": [
                  {
                    "alias": null,
                    "args": null,
                    "kind": "ScalarField",
                    "name": "__typename",
                    "storageKey": null
                  }
                ],
                "storageKey": "comments(first:10)"
              },
              {
                "alias": "comments2",
                "args": [
                  {
                    "kind": "Literal",
                    "name": "after",
                    "value": "1"
                  }
                ],
                "concreteType": "CommentsConnection",
                "kind": "LinkedField",
                "name": "comments",
                "plural": false,
                "selections": [
                  {
                    "alias": null,
                    "args": null,
                    "kind": "ScalarField",
                    "name": "__typename",
                    "storageKey": null
                  }
                ],
                "storageKey": "comments(after:\"1\")"
              },
              {
                "alias": "comments3",
                "args": null,
                "concreteType": "CommentsConnection",
                "kind": "LinkedField",
                "name": "comments",
                "plural": false,
                "selections": [
                  {
                    "alias": null,
                    "args": null,
                    "kind": "ScalarField",
                    "name": "__typename",
                    "storageKey": null
                  }
                ],
                "storageKey": null
              },
              {
                "alias": "comments4",
                "args": [
                  {
                    "kind": "Literal",
                    "name": "last",
                    "value": 10
                  }
                ],
                "concreteType": "CommentsConnection",
                "kind": "LinkedField",
                "name": "comments",
                "plural": false,
                "selections": [
                  {
                    "alias": null,
                    "args": null,
                    "kind": "ScalarField",
                    "name": "__typename",
                    "storageKey": null
                  }
                ],
                "storageKey": "comments(last:10)"
              }
            ],
            "type": "Story",
            "abstractKey": null
          }
        ],
        "storageKey": null
      }
    ],
    "type": "Query",
    "abstractKey": null
  },
  "kind": "Request",
  "operation": {
    "argumentDefinitions": [
      {
        "defaultValue": null,
        "kind": "LocalArgument",
        "name": "id"
      }
    ],
    "kind": "Operation",
    "name": "fieldsWithNullArgumentValues_NodeQuery",
    "selections": [
      {
        "alias": null,
        "args": [
          {
            "kind": "Variable",
            "name": "id",
            "variableName": "id"
          }
        ],
        "concreteType": null,
        "kind": "LinkedField",
        "name": "node",
        "plural": false,
        "selections": [
          {
            "alias": null,
            "args": null,
            "kind": "ScalarField",
            "name": "__typename",
            "storageKey": null
          },
          {
            "alias": null,
            "args": null,
            "kind": "ScalarField",
            "name": "id",
            "storageKey": null
          },
          {
            "kind": "InlineFragment",
            "selections": [
              {
                "alias": null,
                "args": [
                  {
                    "kind": "Literal",
                    "name": "first",
                    "value": 10
                  }
                ],
                "concreteType": "CommentsConnection",
                "kind": "LinkedField",
                "name": "comments",
                "plural": false,
                "selections": [
                  {
                    "alias": null,
                    "args": null,
                    "kind": "ScalarField",
                    "name": "__typename",
                    "storageKey": null
                  }
                ],
                "storageKey": "comments(first:10)"
              },
              {
                "alias": "comments2",
                "args": [
                  {
                    "kind": "Literal",
                    "name": "after",
                    "value": "1"
                  }
                ],
                "concreteType": "CommentsConnection",
                "kind": "LinkedField",
                "name": "comments",
                "plural": false,
                "selections": [
                  {
                    "alias": null,
                    "args": null,
                    "kind": "ScalarField",
                    "name": "__typename",
                    "storageKey": null
                  }
                ],
                "storageKey": "comments(after:\"1\")"
              },
              {
                "alias": "comments3",
                "args": null,
                "concreteType": "CommentsConnection",
                "kind": "LinkedField",
                "name": "comments",
                "plural": false,
                "selections": [
                  {
                    "alias": null,
                    "args": null,
                    "kind": "ScalarField",
                    "name": "__typename",
                    "storageKey": null
                  }
                ],
                "storageKey": null
              },
              {
                "alias": "comments4",
                "args": [
                  {
                    "kind": "Literal",
                    "name": "last",
                    "value": 10
                  }
                ],
                "concreteType": "CommentsConnection",
                "kind": "LinkedField",
                "name": "comments",
                "plural": false,
                "selections": [
                  {
                    "alias": null,
                    "args": null,
                    "kind": "ScalarField",
                    "name": "__typename",
                    "storageKey": null
                  }
                ],
                "storageKey": "comments(last:10)"
              }
            ],
            "type": "Story",
            "abstractKey": null
          }
        ],
        "storageKey": null
      }
    ]
  },
  "params": {
    "id": null,
    "metadata": {},
    "name": "fieldsWithNullArgumentValues_NodeQuery",
    "operationKind": "query",
    "text": null
  }
}

QUERY:

query fieldsWithNullArgumentValues_NodeQuery(
  $id: ID!
) {
  node(id: $id) {
    __typename
    id
    ... on Story {
      comments(first: 10) {
        __typename
      }
      comments2: comments(after: "1") {
        __typename
      }
      comments3: comments {
        __typename
      }
      comments4: comments(last: 10) {
        __typename
      }
    }
  }
}
