==================================== INPUT ====================================
fragment RefetchableFragment on Query
  @refetchable(queryName: "RefetchableFragmentQuery")
  @argumentDefinitions(id: {type: "ID!"}) {
  node(id: $id) {
    ... on User {
      id
      name
      ...ProfilePicture
    }
  }
}

fragment ProfilePicture on User {
  profilePicture(size: $size) {
    uri
  }
}
==================================== OUTPUT ===================================
{
  "fragment": {
    "argumentDefinitions": [
      {
        "defaultValue": null,
        "kind": "LocalArgument",
        "name": "id",
        "type": "ID!"
      },
      {
        "defaultValue": null,
        "kind": "LocalArgument",
        "name": "size",
        "type": "[Int]"
      }
    ],
    "kind": "Fragment",
    "metadata": null,
    "name": "RefetchableFragmentQuery",
    "selections": [
      {
        "args": [
          {
            "kind": "Variable",
            "name": "id",
            "variableName": "id"
          }
        ],
        "kind": "FragmentSpread",
        "name": "RefetchableFragment"
      }
    ],
    "concreteType": "Query"
  },
  "kind": "Request",
  "operation": {
    "argumentDefinitions": [
      {
        "defaultValue": null,
        "kind": "LocalArgument",
        "name": "id",
        "type": "ID!"
      },
      {
        "defaultValue": null,
        "kind": "LocalArgument",
        "name": "size",
        "type": "[Int]"
      }
    ],
    "kind": "Operation",
    "name": "RefetchableFragmentQuery",
    "selections": [
      {
        "alias": null,
        "args": [
          {
            "kind": "Variable",
            "name": "id",
            "variableName": "id"
          }
        ],
        "concreteType": null,
        "kind": "LinkedField",
        "name": "node",
        "plural": false,
        "selections": [
          {
            "alias": null,
            "args": null,
            "kind": "ScalarField",
            "name": "__typename",
            "storageKey": null
          },
          {
            "alias": null,
            "args": null,
            "kind": "ScalarField",
            "name": "id",
            "storageKey": null
          },
          {
            "kind": "InlineFragment",
            "selections": [
              {
                "alias": null,
                "args": null,
                "kind": "ScalarField",
                "name": "name",
                "storageKey": null
              },
              {
                "alias": null,
                "args": [
                  {
                    "kind": "Variable",
                    "name": "size",
                    "variableName": "size"
                  }
                ],
                "concreteType": "Image",
                "kind": "LinkedField",
                "name": "profilePicture",
                "plural": false,
                "selections": [
                  {
                    "alias": null,
                    "args": null,
                    "kind": "ScalarField",
                    "name": "uri",
                    "storageKey": null
                  }
                ],
                "storageKey": null
              }
            ],
            "type": "User"
          }
        ],
        "storageKey": null
      }
    ]
  },
  "params": {
    "id": null,
    "metadata": {},
    "name": "RefetchableFragmentQuery",
    "operationKind": "query",
    "text": null
  }
}

QUERY:

query RefetchableFragmentQuery(
  $id: ID!
  $size: [Int]
) {
  ...RefetchableFragment_1Bmzm5
}

fragment ProfilePicture on User {
  profilePicture(size: $size) {
    uri
  }
}

fragment RefetchableFragment_1Bmzm5 on Query {
  node(id: $id) {
    __typename
    ... on User {
      id
      name
      ...ProfilePicture
    }
    id
  }
}


{
  "argumentDefinitions": [
    {
      "kind": "RootArgument",
      "name": "size",
      "type": "[Int]"
    }
  ],
  "kind": "Fragment",
  "metadata": null,
  "name": "ProfilePicture",
  "selections": [
    {
      "alias": null,
      "args": [
        {
          "kind": "Variable",
          "name": "size",
          "variableName": "size"
        }
      ],
      "concreteType": "Image",
      "kind": "LinkedField",
      "name": "profilePicture",
      "plural": false,
      "selections": [
        {
          "alias": null,
          "args": null,
          "kind": "ScalarField",
          "name": "uri",
          "storageKey": null
        }
      ],
      "storageKey": null
    }
  ],
  "concreteType": "User"
}

{
  "argumentDefinitions": [
    {
      "defaultValue": null,
      "kind": "LocalArgument",
      "name": "id",
      "type": "ID!"
    }
  ],
  "kind": "Fragment",
  "metadata": null,
  "name": "RefetchableFragment",
  "selections": [
    {
      "alias": null,
      "args": [
        {
          "kind": "Variable",
          "name": "id",
          "variableName": "id"
        }
      ],
      "concreteType": null,
      "kind": "LinkedField",
      "name": "node",
      "plural": false,
      "selections": [
        {
          "kind": "InlineFragment",
          "selections": [
            {
              "alias": null,
              "args": null,
              "kind": "ScalarField",
              "name": "id",
              "storageKey": null
            },
            {
              "alias": null,
              "args": null,
              "kind": "ScalarField",
              "name": "name",
              "storageKey": null
            },
            {
              "args": null,
              "kind": "FragmentSpread",
              "name": "ProfilePicture"
            }
          ],
          "type": "User"
        }
      ],
      "storageKey": null
    }
  ],
  "concreteType": "Query"
}
