==================================== INPUT ====================================
# expected-to-throw
query fragmentAliasNotEnabled_Query {
  ...fragmentAliasNotEnabled_fragment @alias
}

fragment fragmentAliasNotEnabled_fragment on Query {
  me {
    id
  }
}
==================================== ERROR ====================================
✖︎ Unexpected directive @alias. @alias is not currently enabled in this location.

  fragment-alias-not-enabled.invalid.graphql:3:39
    2 │ query fragmentAliasNotEnabled_Query {
    3 │   ...fragmentAliasNotEnabled_fragment @alias
      │                                       ^^^^^^
    4 │ }
