==================================== INPUT ====================================
query FooNameRendererQuery($id: ID!) {
  node(id: $id) {
    ...FooNameRendererFragment
  }
}

fragment FooNameRendererFragment on User {
  id
  nameRenderer {
    ...MarkdownUserNameRenderer_name
      @module(name: "MarkdownUserNameRenderer.react")
    ...PlainUserNameRenderer_name @module(name: "PlainUserNameRenderer.react")
  }
}

query BarNameRendererQuery($id: ID!) {
  node(id: $id) {
    ...BarNameRendererFragment
  }
}

fragment BarNameRendererFragment on User {
  # same field alias as above and using standalone @module, so this should
  # flatten with the above selections even though the supported types are
  # different
  nameRenderer {
    ...MarkdownUserNameRenderer_name
      @module(name: "MarkdownUserNameRenderer.react")
  }
}

fragment PlainUserNameRenderer_name on PlainUserNameRenderer {
  plaintext
  data {
    text
  }
}

fragment MarkdownUserNameRenderer_name on MarkdownUserNameRenderer {
  markdown
  data {
    markup
  }
}
==================================== OUTPUT ===================================
{
  "fragment": {
    "argumentDefinitions": [
      {
        "defaultValue": null,
        "kind": "LocalArgument",
        "name": "id",
        "type": "ID!"
      }
    ],
    "kind": "Fragment",
    "metadata": null,
    "name": "FooNameRendererQuery",
    "selections": [
      {
        "alias": null,
        "args": [
          {
            "kind": "Variable",
            "name": "id",
            "variableName": "id"
          }
        ],
        "concreteType": null,
        "kind": "LinkedField",
        "name": "node",
        "plural": false,
        "selections": [
          {
            "args": null,
            "kind": "FragmentSpread",
            "name": "FooNameRendererFragment"
          }
        ],
        "storageKey": null
      }
    ],
    "type": "Query"
  },
  "kind": "Request",
  "operation": {
    "argumentDefinitions": [
      {
        "defaultValue": null,
        "kind": "LocalArgument",
        "name": "id",
        "type": "ID!"
      }
    ],
    "kind": "Operation",
    "name": "FooNameRendererQuery",
    "selections": [
      {
        "alias": null,
        "args": [
          {
            "kind": "Variable",
            "name": "id",
            "variableName": "id"
          }
        ],
        "concreteType": null,
        "kind": "LinkedField",
        "name": "node",
        "plural": false,
        "selections": [
          {
            "alias": null,
            "args": null,
            "kind": "ScalarField",
            "name": "__typename",
            "storageKey": null
          },
          {
            "alias": null,
            "args": null,
            "kind": "ScalarField",
            "name": "id",
            "storageKey": null
          },
          {
            "kind": "InlineFragment",
            "selections": [
              {
                "alias": null,
                "args": null,
                "concreteType": null,
                "kind": "LinkedField",
                "name": "nameRenderer",
                "plural": false,
                "selections": [
                  {
                    "alias": null,
                    "args": null,
                    "kind": "ScalarField",
                    "name": "__typename",
                    "storageKey": null
                  },
                  {
                    "kind": "InlineFragment",
                    "selections": [
                      {
                        "alias": null,
                        "args": null,
                        "kind": "ScalarField",
                        "name": "markdown",
                        "storageKey": null
                      },
                      {
                        "alias": null,
                        "args": null,
                        "concreteType": "MarkdownUserNameData",
                        "kind": "LinkedField",
                        "name": "data",
                        "plural": false,
                        "selections": [
                          {
                            "alias": null,
                            "args": null,
                            "kind": "ScalarField",
                            "name": "markup",
                            "storageKey": null
                          },
                          {
                            "alias": null,
                            "args": null,
                            "kind": "ScalarField",
                            "name": "id",
                            "storageKey": null
                          }
                        ],
                        "storageKey": null
                      },
                      {
                        "alias": "__module_operation_FooNameRendererFragment",
                        "args": [
                          {
                            "kind": "Literal",
                            "name": "id",
                            "value": "FooNameRendererFragment.nameRenderer"
                          },
                          {
                            "kind": "Literal",
                            "name": "module",
                            "value": "MarkdownUserNameRenderer_name$normalization.graphql"
                          }
                        ],
                        "kind": "ScalarField",
                        "name": "js",
                        "storageKey": "js(id:\"FooNameRendererFragment.nameRenderer\",module:\"MarkdownUserNameRenderer_name$normalization.graphql\")"
                      },
                      {
                        "alias": "__module_component_FooNameRendererFragment",
                        "args": [
                          {
                            "kind": "Literal",
                            "name": "id",
                            "value": "FooNameRendererFragment.nameRenderer"
                          },
                          {
                            "kind": "Literal",
                            "name": "module",
                            "value": "MarkdownUserNameRenderer.react"
                          }
                        ],
                        "kind": "ScalarField",
                        "name": "js",
                        "storageKey": "js(id:\"FooNameRendererFragment.nameRenderer\",module:\"MarkdownUserNameRenderer.react\")"
                      }
                    ],
                    "type": "MarkdownUserNameRenderer"
                  },
                  {
                    "kind": "InlineFragment",
                    "selections": [
                      {
                        "alias": null,
                        "args": null,
                        "kind": "ScalarField",
                        "name": "plaintext",
                        "storageKey": null
                      },
                      {
                        "alias": null,
                        "args": null,
                        "concreteType": "PlainUserNameData",
                        "kind": "LinkedField",
                        "name": "data",
                        "plural": false,
                        "selections": [
                          {
                            "alias": null,
                            "args": null,
                            "kind": "ScalarField",
                            "name": "text",
                            "storageKey": null
                          },
                          {
                            "alias": null,
                            "args": null,
                            "kind": "ScalarField",
                            "name": "id",
                            "storageKey": null
                          }
                        ],
                        "storageKey": null
                      },
                      {
                        "alias": "__module_operation_FooNameRendererFragment",
                        "args": [
                          {
                            "kind": "Literal",
                            "name": "id",
                            "value": "FooNameRendererFragment.nameRenderer"
                          },
                          {
                            "kind": "Literal",
                            "name": "module",
                            "value": "PlainUserNameRenderer_name$normalization.graphql"
                          }
                        ],
                        "kind": "ScalarField",
                        "name": "js",
                        "storageKey": "js(id:\"FooNameRendererFragment.nameRenderer\",module:\"PlainUserNameRenderer_name$normalization.graphql\")"
                      },
                      {
                        "alias": "__module_component_FooNameRendererFragment",
                        "args": [
                          {
                            "kind": "Literal",
                            "name": "id",
                            "value": "FooNameRendererFragment.nameRenderer"
                          },
                          {
                            "kind": "Literal",
                            "name": "module",
                            "value": "PlainUserNameRenderer.react"
                          }
                        ],
                        "kind": "ScalarField",
                        "name": "js",
                        "storageKey": "js(id:\"FooNameRendererFragment.nameRenderer\",module:\"PlainUserNameRenderer.react\")"
                      }
                    ],
                    "type": "PlainUserNameRenderer"
                  }
                ],
                "storageKey": null
              }
            ],
            "type": "User"
          }
        ],
        "storageKey": null
      }
    ]
  },
  "params": {
    "id": null,
    "metadata": {},
    "name": "FooNameRendererQuery",
    "operationKind": "query",
    "text": null
  }
}

QUERY:

query FooNameRendererQuery(
  $id: ID!
) {
  node(id: $id) {
    __typename
    ...FooNameRendererFragment
    id
  }
}

fragment FooNameRendererFragment on User {
  id
  nameRenderer {
    __typename
    ... on MarkdownUserNameRenderer {
      ...MarkdownUserNameRenderer_name
      __module_operation_FooNameRendererFragment: js(module: "MarkdownUserNameRenderer_name$normalization.graphql", id: "FooNameRendererFragment.nameRenderer")
      __module_component_FooNameRendererFragment: js(module: "MarkdownUserNameRenderer.react", id: "FooNameRendererFragment.nameRenderer")
    }
    ... on PlainUserNameRenderer {
      ...PlainUserNameRenderer_name
      __module_operation_FooNameRendererFragment: js(module: "PlainUserNameRenderer_name$normalization.graphql", id: "FooNameRendererFragment.nameRenderer")
      __module_component_FooNameRendererFragment: js(module: "PlainUserNameRenderer.react", id: "FooNameRendererFragment.nameRenderer")
    }
  }
}

fragment MarkdownUserNameRenderer_name on MarkdownUserNameRenderer {
  markdown
  data {
    markup
    id
  }
}

fragment PlainUserNameRenderer_name on PlainUserNameRenderer {
  plaintext
  data {
    text
    id
  }
}


{
  "fragment": {
    "argumentDefinitions": [
      {
        "defaultValue": null,
        "kind": "LocalArgument",
        "name": "id",
        "type": "ID!"
      }
    ],
    "kind": "Fragment",
    "metadata": null,
    "name": "BarNameRendererQuery",
    "selections": [
      {
        "alias": null,
        "args": [
          {
            "kind": "Variable",
            "name": "id",
            "variableName": "id"
          }
        ],
        "concreteType": null,
        "kind": "LinkedField",
        "name": "node",
        "plural": false,
        "selections": [
          {
            "args": null,
            "kind": "FragmentSpread",
            "name": "BarNameRendererFragment"
          }
        ],
        "storageKey": null
      }
    ],
    "type": "Query"
  },
  "kind": "Request",
  "operation": {
    "argumentDefinitions": [
      {
        "defaultValue": null,
        "kind": "LocalArgument",
        "name": "id",
        "type": "ID!"
      }
    ],
    "kind": "Operation",
    "name": "BarNameRendererQuery",
    "selections": [
      {
        "alias": null,
        "args": [
          {
            "kind": "Variable",
            "name": "id",
            "variableName": "id"
          }
        ],
        "concreteType": null,
        "kind": "LinkedField",
        "name": "node",
        "plural": false,
        "selections": [
          {
            "alias": null,
            "args": null,
            "kind": "ScalarField",
            "name": "__typename",
            "storageKey": null
          },
          {
            "kind": "InlineFragment",
            "selections": [
              {
                "alias": null,
                "args": null,
                "concreteType": null,
                "kind": "LinkedField",
                "name": "nameRenderer",
                "plural": false,
                "selections": [
                  {
                    "alias": null,
                    "args": null,
                    "kind": "ScalarField",
                    "name": "__typename",
                    "storageKey": null
                  },
                  {
                    "kind": "InlineFragment",
                    "selections": [
                      {
                        "alias": null,
                        "args": null,
                        "kind": "ScalarField",
                        "name": "markdown",
                        "storageKey": null
                      },
                      {
                        "alias": null,
                        "args": null,
                        "concreteType": "MarkdownUserNameData",
                        "kind": "LinkedField",
                        "name": "data",
                        "plural": false,
                        "selections": [
                          {
                            "alias": null,
                            "args": null,
                            "kind": "ScalarField",
                            "name": "markup",
                            "storageKey": null
                          },
                          {
                            "alias": null,
                            "args": null,
                            "kind": "ScalarField",
                            "name": "id",
                            "storageKey": null
                          }
                        ],
                        "storageKey": null
                      },
                      {
                        "alias": "__module_operation_BarNameRendererFragment",
                        "args": [
                          {
                            "kind": "Literal",
                            "name": "id",
                            "value": "BarNameRendererFragment.nameRenderer"
                          },
                          {
                            "kind": "Literal",
                            "name": "module",
                            "value": "MarkdownUserNameRenderer_name$normalization.graphql"
                          }
                        ],
                        "kind": "ScalarField",
                        "name": "js",
                        "storageKey": "js(id:\"BarNameRendererFragment.nameRenderer\",module:\"MarkdownUserNameRenderer_name$normalization.graphql\")"
                      },
                      {
                        "alias": "__module_component_BarNameRendererFragment",
                        "args": [
                          {
                            "kind": "Literal",
                            "name": "id",
                            "value": "BarNameRendererFragment.nameRenderer"
                          },
                          {
                            "kind": "Literal",
                            "name": "module",
                            "value": "MarkdownUserNameRenderer.react"
                          }
                        ],
                        "kind": "ScalarField",
                        "name": "js",
                        "storageKey": "js(id:\"BarNameRendererFragment.nameRenderer\",module:\"MarkdownUserNameRenderer.react\")"
                      }
                    ],
                    "type": "MarkdownUserNameRenderer"
                  }
                ],
                "storageKey": null
              }
            ],
            "type": "User"
          },
          {
            "alias": null,
            "args": null,
            "kind": "ScalarField",
            "name": "id",
            "storageKey": null
          }
        ],
        "storageKey": null
      }
    ]
  },
  "params": {
    "id": null,
    "metadata": {},
    "name": "BarNameRendererQuery",
    "operationKind": "query",
    "text": null
  }
}

QUERY:

query BarNameRendererQuery(
  $id: ID!
) {
  node(id: $id) {
    __typename
    ...BarNameRendererFragment
    id
  }
}

fragment BarNameRendererFragment on User {
  nameRenderer {
    __typename
    ... on MarkdownUserNameRenderer {
      ...MarkdownUserNameRenderer_name
      __module_operation_BarNameRendererFragment: js(module: "MarkdownUserNameRenderer_name$normalization.graphql", id: "BarNameRendererFragment.nameRenderer")
      __module_component_BarNameRendererFragment: js(module: "MarkdownUserNameRenderer.react", id: "BarNameRendererFragment.nameRenderer")
    }
  }
}

fragment MarkdownUserNameRenderer_name on MarkdownUserNameRenderer {
  markdown
  data {
    markup
    id
  }
}


{
  "argumentDefinitions": [],
  "kind": "Fragment",
  "metadata": null,
  "name": "BarNameRendererFragment",
  "selections": [
    {
      "alias": null,
      "args": null,
      "concreteType": null,
      "kind": "LinkedField",
      "name": "nameRenderer",
      "plural": false,
      "selections": [
        {
          "kind": "InlineFragment",
          "selections": [
            {
              "args": null,
              "kind": "FragmentSpread",
              "name": "MarkdownUserNameRenderer_name"
            },
            {
              "alias": "__module_operation_BarNameRendererFragment",
              "args": [
                {
                  "kind": "Literal",
                  "name": "id",
                  "value": "BarNameRendererFragment.nameRenderer"
                },
                {
                  "kind": "Literal",
                  "name": "module",
                  "value": "MarkdownUserNameRenderer_name$normalization.graphql"
                }
              ],
              "kind": "ScalarField",
              "name": "js",
              "storageKey": "js(id:\"BarNameRendererFragment.nameRenderer\",module:\"MarkdownUserNameRenderer_name$normalization.graphql\")"
            },
            {
              "alias": "__module_component_BarNameRendererFragment",
              "args": [
                {
                  "kind": "Literal",
                  "name": "id",
                  "value": "BarNameRendererFragment.nameRenderer"
                },
                {
                  "kind": "Literal",
                  "name": "module",
                  "value": "MarkdownUserNameRenderer.react"
                }
              ],
              "kind": "ScalarField",
              "name": "js",
              "storageKey": "js(id:\"BarNameRendererFragment.nameRenderer\",module:\"MarkdownUserNameRenderer.react\")"
            }
          ],
          "type": "MarkdownUserNameRenderer"
        }
      ],
      "storageKey": null
    }
  ],
  "type": "User"
}

{
  "argumentDefinitions": [],
  "kind": "Fragment",
  "metadata": null,
  "name": "FooNameRendererFragment",
  "selections": [
    {
      "alias": null,
      "args": null,
      "kind": "ScalarField",
      "name": "id",
      "storageKey": null
    },
    {
      "alias": null,
      "args": null,
      "concreteType": null,
      "kind": "LinkedField",
      "name": "nameRenderer",
      "plural": false,
      "selections": [
        {
          "kind": "InlineFragment",
          "selections": [
            {
              "args": null,
              "kind": "FragmentSpread",
              "name": "MarkdownUserNameRenderer_name"
            },
            {
              "alias": "__module_operation_FooNameRendererFragment",
              "args": [
                {
                  "kind": "Literal",
                  "name": "id",
                  "value": "FooNameRendererFragment.nameRenderer"
                },
                {
                  "kind": "Literal",
                  "name": "module",
                  "value": "MarkdownUserNameRenderer_name$normalization.graphql"
                }
              ],
              "kind": "ScalarField",
              "name": "js",
              "storageKey": "js(id:\"FooNameRendererFragment.nameRenderer\",module:\"MarkdownUserNameRenderer_name$normalization.graphql\")"
            },
            {
              "alias": "__module_component_FooNameRendererFragment",
              "args": [
                {
                  "kind": "Literal",
                  "name": "id",
                  "value": "FooNameRendererFragment.nameRenderer"
                },
                {
                  "kind": "Literal",
                  "name": "module",
                  "value": "MarkdownUserNameRenderer.react"
                }
              ],
              "kind": "ScalarField",
              "name": "js",
              "storageKey": "js(id:\"FooNameRendererFragment.nameRenderer\",module:\"MarkdownUserNameRenderer.react\")"
            }
          ],
          "type": "MarkdownUserNameRenderer"
        },
        {
          "kind": "InlineFragment",
          "selections": [
            {
              "args": null,
              "kind": "FragmentSpread",
              "name": "PlainUserNameRenderer_name"
            },
            {
              "alias": "__module_operation_FooNameRendererFragment",
              "args": [
                {
                  "kind": "Literal",
                  "name": "id",
                  "value": "FooNameRendererFragment.nameRenderer"
                },
                {
                  "kind": "Literal",
                  "name": "module",
                  "value": "PlainUserNameRenderer_name$normalization.graphql"
                }
              ],
              "kind": "ScalarField",
              "name": "js",
              "storageKey": "js(id:\"FooNameRendererFragment.nameRenderer\",module:\"PlainUserNameRenderer_name$normalization.graphql\")"
            },
            {
              "alias": "__module_component_FooNameRendererFragment",
              "args": [
                {
                  "kind": "Literal",
                  "name": "id",
                  "value": "FooNameRendererFragment.nameRenderer"
                },
                {
                  "kind": "Literal",
                  "name": "module",
                  "value": "PlainUserNameRenderer.react"
                }
              ],
              "kind": "ScalarField",
              "name": "js",
              "storageKey": "js(id:\"FooNameRendererFragment.nameRenderer\",module:\"PlainUserNameRenderer.react\")"
            }
          ],
          "type": "PlainUserNameRenderer"
        }
      ],
      "storageKey": null
    }
  ],
  "type": "User"
}

{
  "argumentDefinitions": [],
  "kind": "Fragment",
  "metadata": null,
  "name": "MarkdownUserNameRenderer_name",
  "selections": [
    {
      "alias": null,
      "args": null,
      "kind": "ScalarField",
      "name": "markdown",
      "storageKey": null
    },
    {
      "alias": null,
      "args": null,
      "concreteType": "MarkdownUserNameData",
      "kind": "LinkedField",
      "name": "data",
      "plural": false,
      "selections": [
        {
          "alias": null,
          "args": null,
          "kind": "ScalarField",
          "name": "markup",
          "storageKey": null
        }
      ],
      "storageKey": null
    }
  ],
  "type": "MarkdownUserNameRenderer"
}

{
  "argumentDefinitions": [],
  "kind": "Fragment",
  "metadata": null,
  "name": "PlainUserNameRenderer_name",
  "selections": [
    {
      "alias": null,
      "args": null,
      "kind": "ScalarField",
      "name": "plaintext",
      "storageKey": null
    },
    {
      "alias": null,
      "args": null,
      "concreteType": "PlainUserNameData",
      "kind": "LinkedField",
      "name": "data",
      "plural": false,
      "selections": [
        {
          "alias": null,
          "args": null,
          "kind": "ScalarField",
          "name": "text",
          "storageKey": null
        }
      ],
      "storageKey": null
    }
  ],
  "type": "PlainUserNameRenderer"
}
