==================================== INPUT ====================================
query BestFriendsQuery($id: ID!) {
  node(id: $id) {
    ...BestFriends
    ...OnlyClientFields
  }
}

# This fragment disappears because all selections are removed
fragment OnlyClientFields on User {
  best_friends {
    __typename
  }
}

fragment BestFriends on User {
  # this is the only field that is part of the base schema
  ...NodeFragment
  # fields defined in type extensions are skipped
  best_friends {
    edges {
      cursor
      node {
        id
      }
    }
    pageInfo {
      hasNextPage
    }
  }
  ... on Named {
    # fragments on extension types are skipped
    ...FooFragment
    ... on Foo {
      name
    }
  }
}

fragment NodeFragment on Node {
  id
}

fragment FooFragment on Foo {
  name
}

# %extensions%

extend type User {
  best_friends: FriendsConnection
}

type Foo implements Named {
  name: String
}
==================================== OUTPUT ===================================
{
  "fragment": {
    "argumentDefinitions": [
      {
        "defaultValue": null,
        "kind": "LocalArgument",
        "name": "id",
        "type": "ID!"
      }
    ],
    "kind": "Fragment",
    "metadata": null,
    "name": "BestFriendsQuery",
    "selections": [
      {
        "alias": null,
        "args": [
          {
            "kind": "Variable",
            "name": "id",
            "variableName": "id"
          }
        ],
        "concreteType": null,
        "kind": "LinkedField",
        "name": "node",
        "plural": false,
        "selections": [
          {
            "args": null,
            "kind": "FragmentSpread",
            "name": "BestFriends"
          },
          {
            "args": null,
            "kind": "FragmentSpread",
            "name": "OnlyClientFields"
          }
        ],
        "storageKey": null
      }
    ],
    "type": "Query"
  },
  "kind": "Request",
  "operation": {
    "argumentDefinitions": [
      {
        "defaultValue": null,
        "kind": "LocalArgument",
        "name": "id",
        "type": "ID!"
      }
    ],
    "kind": "Operation",
    "name": "BestFriendsQuery",
    "selections": [
      {
        "alias": null,
        "args": [
          {
            "kind": "Variable",
            "name": "id",
            "variableName": "id"
          }
        ],
        "concreteType": null,
        "kind": "LinkedField",
        "name": "node",
        "plural": false,
        "selections": [
          {
            "alias": null,
            "args": null,
            "kind": "ScalarField",
            "name": "__typename",
            "storageKey": null
          },
          {
            "alias": null,
            "args": null,
            "kind": "ScalarField",
            "name": "id",
            "storageKey": null
          },
          {
            "kind": "InlineFragment",
            "selections": [
              {
                "kind": "ClientExtension",
                "selections": [
                  {
                    "alias": null,
                    "args": null,
                    "concreteType": "FriendsConnection",
                    "kind": "LinkedField",
                    "name": "best_friends",
                    "plural": false,
                    "selections": [
                      {
                        "alias": null,
                        "args": null,
                        "concreteType": "FriendsEdge",
                        "kind": "LinkedField",
                        "name": "edges",
                        "plural": true,
                        "selections": [
                          {
                            "alias": null,
                            "args": null,
                            "kind": "ScalarField",
                            "name": "cursor",
                            "storageKey": null
                          },
                          {
                            "alias": null,
                            "args": null,
                            "concreteType": "User",
                            "kind": "LinkedField",
                            "name": "node",
                            "plural": false,
                            "selections": [
                              {
                                "alias": null,
                                "args": null,
                                "kind": "ScalarField",
                                "name": "id",
                                "storageKey": null
                              }
                            ],
                            "storageKey": null
                          }
                        ],
                        "storageKey": null
                      },
                      {
                        "alias": null,
                        "args": null,
                        "concreteType": "PageInfo",
                        "kind": "LinkedField",
                        "name": "pageInfo",
                        "plural": false,
                        "selections": [
                          {
                            "alias": null,
                            "args": null,
                            "kind": "ScalarField",
                            "name": "hasNextPage",
                            "storageKey": null
                          }
                        ],
                        "storageKey": null
                      },
                      {
                        "alias": null,
                        "args": null,
                        "kind": "ScalarField",
                        "name": "__typename",
                        "storageKey": null
                      }
                    ],
                    "storageKey": null
                  },
                  {
                    "kind": "InlineFragment",
                    "selections": [
                      {
                        "alias": null,
                        "args": null,
                        "kind": "ScalarField",
                        "name": "name",
                        "storageKey": null
                      }
                    ],
                    "type": "Foo"
                  }
                ]
              }
            ],
            "type": "User"
          }
        ],
        "storageKey": null
      }
    ]
  },
  "params": {
    "id": null,
    "metadata": {},
    "name": "BestFriendsQuery",
    "operationKind": "query",
    "text": null
  }
}

QUERY:

query BestFriendsQuery(
  $id: ID!
) {
  node(id: $id) {
    __typename
    ...BestFriends
    ...OnlyClientFields
    id
  }
}

fragment BestFriends on User {
  ...NodeFragment
}

fragment NodeFragment on Node {
  id
}

fragment OnlyClientFields on User

{
  "argumentDefinitions": [],
  "kind": "Fragment",
  "metadata": null,
  "name": "BestFriends",
  "selections": [
    {
      "args": null,
      "kind": "FragmentSpread",
      "name": "NodeFragment"
    },
    {
      "args": null,
      "kind": "FragmentSpread",
      "name": "FooFragment"
    },
    {
      "kind": "ClientExtension",
      "selections": [
        {
          "alias": null,
          "args": null,
          "concreteType": "FriendsConnection",
          "kind": "LinkedField",
          "name": "best_friends",
          "plural": false,
          "selections": [
            {
              "alias": null,
              "args": null,
              "concreteType": "FriendsEdge",
              "kind": "LinkedField",
              "name": "edges",
              "plural": true,
              "selections": [
                {
                  "alias": null,
                  "args": null,
                  "kind": "ScalarField",
                  "name": "cursor",
                  "storageKey": null
                },
                {
                  "alias": null,
                  "args": null,
                  "concreteType": "User",
                  "kind": "LinkedField",
                  "name": "node",
                  "plural": false,
                  "selections": [
                    {
                      "alias": null,
                      "args": null,
                      "kind": "ScalarField",
                      "name": "id",
                      "storageKey": null
                    }
                  ],
                  "storageKey": null
                }
              ],
              "storageKey": null
            },
            {
              "alias": null,
              "args": null,
              "concreteType": "PageInfo",
              "kind": "LinkedField",
              "name": "pageInfo",
              "plural": false,
              "selections": [
                {
                  "alias": null,
                  "args": null,
                  "kind": "ScalarField",
                  "name": "hasNextPage",
                  "storageKey": null
                }
              ],
              "storageKey": null
            }
          ],
          "storageKey": null
        },
        {
          "kind": "InlineFragment",
          "selections": [
            {
              "alias": null,
              "args": null,
              "kind": "ScalarField",
              "name": "name",
              "storageKey": null
            }
          ],
          "type": "Foo"
        }
      ]
    }
  ],
  "type": "User"
}

{
  "argumentDefinitions": [],
  "kind": "Fragment",
  "metadata": null,
  "name": "FooFragment",
  "selections": [
    {
      "kind": "ClientExtension",
      "selections": [
        {
          "alias": null,
          "args": null,
          "kind": "ScalarField",
          "name": "name",
          "storageKey": null
        }
      ]
    }
  ],
  "type": "Foo"
}

{
  "argumentDefinitions": [],
  "kind": "Fragment",
  "metadata": null,
  "name": "NodeFragment",
  "selections": [
    {
      "alias": null,
      "args": null,
      "kind": "ScalarField",
      "name": "id",
      "storageKey": null
    }
  ],
  "type": "Node"
}

{
  "argumentDefinitions": [],
  "kind": "Fragment",
  "metadata": null,
  "name": "OnlyClientFields",
  "selections": [
    {
      "kind": "ClientExtension",
      "selections": [
        {
          "alias": null,
          "args": null,
          "concreteType": "FriendsConnection",
          "kind": "LinkedField",
          "name": "best_friends",
          "plural": false,
          "selections": [
            {
              "alias": null,
              "args": null,
              "kind": "ScalarField",
              "name": "__typename",
              "storageKey": null
            }
          ],
          "storageKey": null
        }
      ]
    }
  ],
  "type": "User"
}
