==================================== INPUT ====================================
fragment refetchableWithoutName on Node 
  @refetchable 
{
  __typename
}
==================================== OUTPUT ===================================
{
  "fragment": {
    "argumentDefinitions": [
      {
        "defaultValue": null,
        "kind": "LocalArgument",
        "name": "id"
      }
    ],
    "kind": "Fragment",
    "metadata": null,
    "name": "refetchableWithoutNameRefetchQuery",
    "selections": [
      {
        "alias": null,
        "args": [
          {
            "kind": "Variable",
            "name": "id",
            "variableName": "id"
          }
        ],
        "concreteType": null,
        "kind": "LinkedField",
        "name": "node",
        "plural": false,
        "selections": [
          {
            "args": null,
            "kind": "FragmentSpread",
            "name": "refetchableWithoutName"
          }
        ],
        "storageKey": null
      }
    ],
    "type": "Query",
    "abstractKey": null
  },
  "kind": "Request",
  "operation": {
    "argumentDefinitions": [
      {
        "defaultValue": null,
        "kind": "LocalArgument",
        "name": "id"
      }
    ],
    "kind": "Operation",
    "name": "refetchableWithoutNameRefetchQuery",
    "selections": [
      {
        "alias": null,
        "args": [
          {
            "kind": "Variable",
            "name": "id",
            "variableName": "id"
          }
        ],
        "concreteType": null,
        "kind": "LinkedField",
        "name": "node",
        "plural": false,
        "selections": [
          {
            "alias": null,
            "args": null,
            "kind": "ScalarField",
            "name": "__typename",
            "storageKey": null
          },
          {
            "kind": "TypeDiscriminator",
            "abstractKey": "__isNode"
          },
          {
            "alias": null,
            "args": null,
            "kind": "ScalarField",
            "name": "id",
            "storageKey": null
          }
        ],
        "storageKey": null
      }
    ]
  },
  "params": {
    "cacheID": "361c8ae1e2f9d434287be48525315fda",
    "id": null,
    "metadata": {},
    "name": "refetchableWithoutNameRefetchQuery",
    "operationKind": "query",
    "text": null
  }
}

QUERY:

query refetchableWithoutNameRefetchQuery(
  $id: ID!
) {
  node(id: $id) {
    __typename
    ...refetchableWithoutName
    id
  }
}

fragment refetchableWithoutName on Node {
  __isNode: __typename
  __typename
  id
}


{
  "argumentDefinitions": [],
  "kind": "Fragment",
  "metadata": {
    "refetch": {
      "connection": null,
      "fragmentPathInResult": [
        "node"
      ],
      "operation": require('refetchableWithoutNameRefetchQuery.graphql'),
      "identifierInfo": {
        "identifierField": "id",
        "identifierQueryVariableName": "id"
      }
    }
  },
  "name": "refetchableWithoutName",
  "selections": [
    {
      "alias": null,
      "args": null,
      "kind": "ScalarField",
      "name": "__typename",
      "storageKey": null
    },
    {
      "alias": null,
      "args": null,
      "kind": "ScalarField",
      "name": "id",
      "storageKey": null
    }
  ],
  "type": "Node",
  "abstractKey": "__isNode"
}
