==================================== INPUT ====================================
# expected-to-throw

query relayResolverWithUndefinedFieldArgsQuery {
  node(id: "SOME_ID") {
    ...relayResolverWithUndefinedFieldArgs_PopStarName
  }
}

fragment relayResolverWithUndefinedFieldArgs_PopStarName on User {
  pop_star_name(scale: $scale)
}

fragment relayResolverWithUndefinedFieldArgs_PopStarNameResolverFragment_name on User {
  name
}

# %extensions%

extend type User {
  pop_star_name(scale: Float!): String @relay_resolver(fragment_name: "relayResolverWithUndefinedFieldArgs_PopStarNameResolverFragment_name", import_path: "./path/to/PopStarNameResolver.js")
}
==================================== ERROR ====================================
✖︎ Expected `@alias` directive. `relayResolverWithUndefinedFieldArgs_PopStarName` is defined on `User` which might not match this selection type of `Node`. Add `@alias` to this spread to expose the fragment reference as a nullable property.

  relay-resolver-with-undefined-field-args.invalid.graphql:5:8
    4 │   node(id: "SOME_ID") {
    5 │     ...relayResolverWithUndefinedFieldArgs_PopStarName
      │        ^^^^^^^^^^^^^^^^^^^^^^^^^^^^^^^^^^^^^^^^^^^^^^^
    6 │   }
