==================================== INPUT ====================================
/**
 * Copyright (c) Meta Platforms, Inc. and affiliates.
 *
 * This source code is licensed under the MIT license found in the
 * LICENSE file in the root directory of this source tree.
 */


//extract
function name(): string {
}

//extract
function name(user: User): User.Name {
}

//extract
function name(user: User): Genric<boolean, string> {
}
==================================== OUTPUT ===================================
✖︎ Expected to have at least one function parameter

  <generated>:10:1
    8 │ 
    9 │ //extract
   10 │ function name(): string {
      │ ^^^^^^^^^^^^^^^^^^^^^^^^^
   11 │ }
      │ ^
   12 │ 


✖︎ Unsupported type

  <generated>:14:28
   13 │ //extract
   14 │ function name(user: User): User.Name {
      │                            ^^^^^^^^^
   15 │ }


✖︎ Multiple type params is not supported

  <generated>:18:28
   17 │ //extract
   18 │ function name(user: User): Genric<boolean, string> {
      │                            ^^^^^^^^^^^^^^^^^^^^^^^
   19 │ }
