==================================== INPUT ====================================
# expected-to-throw
fragment EnabledFoo on User {
  name @required
}
==================================== ERROR ====================================
[31m✖︎ Missing required argument: `action`[0m

  [4maction-argument-omitted.invalid.graphql[0m[2m:3:9[0m
[1m    2 │ [0mfragment EnabledFoo on User {
[1m    3 │ [0m  name @[31mr[0m[31me[0m[31mq[0m[31mu[0m[31mi[0m[31mr[0m[31me[0m[31md[0m
      │ [31m        ^^^^^^^^[0m
[1m    4 │ [0m}
