==================================== INPUT ====================================
/**
 * Copyright (c) Meta Platforms, Inc. and affiliates.
 *
 * This source code is licensed under the MIT license found in the
 * LICENSE file in the root directory of this source tree.
 */

// expected-to-throw

/**
 * @RelayResolver
 *
 * @onType
 * @fieldName favorite_page
 * @edgeTo Page
 * @rootFragment myRootFragment
 */

graphql`
  fragment myRootFragment on User {
    name
  }
`
==================================== ERROR ====================================
✖︎ Expected docblock field `@onType` to have specified a value.

  /path/to/test/fixture/relay-resolver-on-type-no-value.invalid.js:13:5
   12 │  *
   13 │  * @o[31mn[0m[31mT[0m[31my[0m[31mp[0m[31me[0m
      │ [31m    ^^^^^^[0m
[1m   14 │ [0m * @fieldName favorite_page
