==================================== INPUT ====================================
/**
 * Copyright (c) Meta Platforms, Inc. and affiliates.
 *
 * This source code is licensed under the MIT license found in the
 * LICENSE file in the root directory of this source tree.
 */

// expected-to-throw

/**
 * @RelayResolver
 *
 * @onInterface Node
 * @fieldName favorite_page
 * @edgeTo Page
 * @rootFragment myRootFragment
 */

graphql`
  fragment myRootFragment on User {
    name
  }
`
==================================== ERROR ====================================
✖︎ The type specified in the fragment (`User`) and the type specified in `@onInterface` (`Node`) are different. Please make sure these are exactly the same.

  /path/to/test/fixture/relay-resolver-on-interface-mismatch.invalid.js:13:17
   12 │  *
   13 │  * @onInterface Node
      │                 ^^^^
   14 │  * @fieldName favorite_page

  ℹ︎ with fragment type condition

  /path/to/test/fixture/relay-resolver-on-interface-mismatch.invalid.js:20:27
   19 │ 
   20 │   fragment myRootFragment on User {
      │                           ^^^^^^^
   21 │     name
