==================================== INPUT ====================================
# expected-to-throw
fragment RefetchableFragment on Query
  @refetchable
  @argumentDefinitions(id: {type: "ID!"}) {
  node(id: $id) {
    ... on User {
      id
      name
    }
  }
}
==================================== ERROR ====================================
✖︎ Expected the 'queryName' argument of @refetchable to be provided

  fragment-on-query-without-query-name.invalid.graphql:3:4
    2 │ fragment RefetchableFragment on Query
    3 │   @refetchable
      │    ^^^^^^^^^^^
    4 │   @argumentDefinitions(id: {type: "ID!"}) {
