==================================== INPUT ====================================
fragment Foo_user on User {
  nearest_neighbor {
    best_friend @waterfall {
      name
    }
  }
}

fragment BestFriendResolverFragment_name on User {
  __typename
}

# %extensions%

extend type User {
  best_friend: User @relay_resolver(fragment_name: "BestFriendResolverFragment_name", import_path: "BestFriendResolver")
}
==================================== OUTPUT ===================================
fragment BestFriendResolverFragment_name on User {
  __typename
}

fragment Foo_user on User {
  nearest_neighbor {
    ... @__ClientEdgeMetadataDirective
    # ServerObject {
    #     query_name: OperationDefinitionName(
    #         "ClientEdgeQuery_Foo_user_nearest_neighbor__best_friend",
    #     ),
    #     unique_id: 0,
    # }
     {
      ...BestFriendResolverFragment_name @__RelayResolverMetadata
      # RelayResolverMetadata {
      #     field_id: FieldID(526),
      #     import_path: "BestFriendResolver",
      #     import_name: None,
      #     field_alias: None,
      #     field_path: "nearest_neighbor.best_friend",
      #     field_arguments: [],
      #     live: false,
      #     output_type_info: EdgeTo,
      #     fragment_data_injection_mode: None,
      #     type_confirmed: false,
      # }
       @waterfall
      best_friend @waterfall {
        name
      }
    }
  }
}

fragment RefetchableClientEdgeQuery_Foo_user_nearest_neighbor__best_friend on User @__ClientEdgeGeneratedQueryMetadataDirective
# ClientEdgeGeneratedQueryMetadataDirective {
#     source_name: WithLocation {
#         location: client-edge-within-non-client-edge.graphql:9:17,
#         item: FragmentDefinitionName(
#             FragmentDefinitionName(
#                 "Foo_user",
#             ),
#         ),
#     },
# }
 @__RefetchableMetadata
# RefetchableMetadata {
#     operation_name: OperationDefinitionName(
#         "ClientEdgeQuery_Foo_user_nearest_neighbor__best_friend",
#     ),
#     path: [
#         "node",
#     ],
#     identifier_info: Some(
#         RefetchableIdentifierInfo {
#             identifier_field: "id",
#             identifier_query_variable_name: "id",
#         },
#     ),
# }
 {
  name
  id
}

query ClientEdgeQuery_Foo_user_nearest_neighbor__best_friend(
  $id: ID!
) @__ClientEdgeGeneratedQueryMetadataDirective
# ClientEdgeGeneratedQueryMetadataDirective {
#     source_name: WithLocation {
#         location: client-edge-within-non-client-edge.graphql:9:17,
#         item: FragmentDefinitionName(
#             FragmentDefinitionName(
#                 "Foo_user",
#             ),
#         ),
#     },
# }
 {
  node(id: $id) {
    ...RefetchableClientEdgeQuery_Foo_user_nearest_neighbor__best_friend
  }
}
