==================================== INPUT ====================================
# expected-to-throw
fragment Foo_user on User {
  best_friend @waterfall @required(action: NONE) {
    name
  }
}

fragment BestFriendResolverFragment_name on User {
  __typename
}

# %extensions%

extend type User {
  best_friend: User
    @relay_resolver(
      fragment_name: "BestFriendResolverFragment_name"
      import_path: "BestFriendResolver"
    )
}
==================================== ERROR ====================================
✖︎ Unexpected directive on Client Edge field. The `@required` directive is not currently supported on fields backed by Client Edges.

  client-edge-with-required.invalid.graphql:3:26
    2 │ fragment Foo_user on User {
    3 │   best_friend @waterfall @required(action: NONE) {
      │                          ^^^^^^^^^
    4 │     name
