==================================== INPUT ====================================
function MyComponent() {
  useFragment(graphql`
    fragment Test on User {
      __typename
    }
  `, user)
  return <div>Test</div>;
}
==================================== OUTPUT ===================================
[
    GraphQLSource {
        text: "\n    fragment Test on User {\n      __typename\n    }\n  ",
        line_index: 1,
        column_index: 22,
    },
]
