==================================== INPUT ====================================
// A mixed-interface strong edge where the interface field is a native server
// field on one implementor and a client-edge-to-server-object on another.
//
// `things` returns the client interface `IThing`, implemented by the SERVER type
// `ServerThing` AND the CLIENT model type `ClientThing`. The interface field
// `catalog: Catalog` (a server object type) is a native server field on
// `ServerThing` and a client-edge-to-server-object on `ClientThing`. The consumer
// selects `catalog @waterfall` at the interface level; the abstract-type fan-out
// keeps `@waterfall` on the client-edge arm and strips it from the native server
// arm.
//- ThingsResolver.js
/**
 * @relayField Query.things: [IThing]
 * @rootFragment ThingsResolverFragment
 */
graphql`fragment ThingsResolverFragment on Query { me { name } }`
export function things() {}

//- ClientThingResolver.js
/**
 * @relayType ClientThing implements IThing
 */
export function ClientThing() {}

//- ClientThingCatalogResolver.js
/**
 * @relayField ClientThing.catalog: Catalog
 */
export function catalog() {}

//- Consumer.js
graphql`query ConsumerQuery {
  things @waterfall {
    catalog @waterfall {
      id
      name
    }
  }
}`

//- relay.config.json
{
  "language": "flow",
  "jsModuleFormat": "haste",
  "schema": "schema.graphql",
  "schemaExtensions": ["schema-extensions"],
  "featureFlags": {
    "relay_resolver_enable_interface_output_type": { "kind": "enabled" }
  }
}

//- schema.graphql
type Query { me: User, node(id: ID!): Node }
interface Node { id: ID! }
type User { name: String }
type Catalog implements Node { id: ID!, name: String }
type ServerThing implements Node { id: ID!, catalog: Catalog }

//- schema-extensions/extension.graphql
interface IThing implements Node {
  id: ID!
  catalog: Catalog
}

extend type ServerThing implements IThing
==================================== OUTPUT ===================================
//-++ __generated__/ClientEdgeQuery_ConsumerQuery_things.graphql.js
/**
 * <auto-generated> SignedSource<<ccae6d58a65b2197b3a4f82770468647>>
 * @flow
 * @lightSyntaxTransform
 */

/* eslint-disable */

'use strict';

/*::
import type { ConcreteRequest, Query } from 'relay-runtime';
import type { RefetchableClientEdgeQuery_ConsumerQuery_things$fragmentType } from "RefetchableClientEdgeQuery_ConsumerQuery_things.graphql";
export type ClientEdgeQuery_ConsumerQuery_things$variables = {
  id: string,
};
export type ClientEdgeQuery_ConsumerQuery_things$data = {
  readonly node: ?{
    readonly $fragmentSpreads: RefetchableClientEdgeQuery_ConsumerQuery_things$fragmentType,
  },
};
export type ClientEdgeQuery_ConsumerQuery_things = {
  response: ClientEdgeQuery_ConsumerQuery_things$data,
  variables: ClientEdgeQuery_ConsumerQuery_things$variables,
};
*/

var node/*: ConcreteRequest*/ = (function(){
var v0 = [
  {
    "defaultValue": null,
    "kind": "LocalArgument",
    "name": "id"
  }
],
v1 = [
  {
    "kind": "Variable",
    "name": "id",
    "variableName": "id"
  }
],
v2 = {
  "alias": null,
  "args": null,
  "kind": "ScalarField",
  "name": "id",
  "storageKey": null
};
return {
  "fragment": {
    "argumentDefinitions": (v0/*:: as any*/),
    "kind": "Fragment",
    "metadata": null,
    "name": "ClientEdgeQuery_ConsumerQuery_things",
    "selections": [
      {
        "alias": null,
        "args": (v1/*:: as any*/),
        "concreteType": null,
        "kind": "LinkedField",
        "name": "node",
        "plural": false,
        "selections": [
          {
            "args": null,
            "kind": "FragmentSpread",
            "name": "RefetchableClientEdgeQuery_ConsumerQuery_things"
          }
        ],
        "storageKey": null
      }
    ],
    "type": "Query",
    "abstractKey": null
  },
  "kind": "Request",
  "operation": {
    "argumentDefinitions": (v0/*:: as any*/),
    "kind": "Operation",
    "name": "ClientEdgeQuery_ConsumerQuery_things",
    "selections": [
      {
        "alias": null,
        "args": (v1/*:: as any*/),
        "concreteType": null,
        "kind": "LinkedField",
        "name": "node",
        "plural": false,
        "selections": [
          {
            "alias": null,
            "args": null,
            "kind": "ScalarField",
            "name": "__typename",
            "storageKey": null
          },
          (v2/*:: as any*/),
          {
            "kind": "InlineFragment",
            "selections": [
              {
                "alias": null,
                "args": null,
                "concreteType": "Catalog",
                "kind": "LinkedField",
                "name": "catalog",
                "plural": false,
                "selections": [
                  (v2/*:: as any*/),
                  {
                    "alias": null,
                    "args": null,
                    "kind": "ScalarField",
                    "name": "name",
                    "storageKey": null
                  }
                ],
                "storageKey": null
              }
            ],
            "type": "ServerThing",
            "abstractKey": null
          }
        ],
        "storageKey": null
      }
    ]
  },
  "params": {
    "cacheID": "a7ba6900adc445b3a494c9f4b6645ada",
    "id": null,
    "metadata": {},
    "name": "ClientEdgeQuery_ConsumerQuery_things",
    "operationKind": "query",
    "text": "query ClientEdgeQuery_ConsumerQuery_things(\n  $id: ID!\n) {\n  node(id: $id) {\n    __typename\n    ...RefetchableClientEdgeQuery_ConsumerQuery_things\n    id\n  }\n}\n\nfragment RefetchableClientEdgeQuery_ConsumerQuery_things on ServerThing {\n  catalog {\n    id\n    name\n  }\n  id\n}\n"
  }
};
})();

(node/*:: as any*/).hash = "23c985953e5254c0dc115a0f2d0617c8";

export default ((node/*:: as any*/)/*:: as Query<
  ClientEdgeQuery_ConsumerQuery_things$variables,
  ClientEdgeQuery_ConsumerQuery_things$data,
>*/);

//-++ __generated__/ClientEdgeQuery_ConsumerQuery_things__ClientThing__catalog.graphql.js
/**
 * <auto-generated> SignedSource<<88b35fab0e1119a8a57cfb6d48711379>>
 * @flow
 * @lightSyntaxTransform
 */

/* eslint-disable */

'use strict';

/*::
import type { ConcreteRequest, Query } from 'relay-runtime';
import type { RefetchableClientEdgeQuery_ConsumerQuery_things__ClientThing__catalog$fragmentType } from "RefetchableClientEdgeQuery_ConsumerQuery_things__ClientThing__catalog.graphql";
export type ClientEdgeQuery_ConsumerQuery_things__ClientThing__catalog$variables = {
  id: string,
};
export type ClientEdgeQuery_ConsumerQuery_things__ClientThing__catalog$data = {
  readonly node: ?{
    readonly $fragmentSpreads: RefetchableClientEdgeQuery_ConsumerQuery_things__ClientThing__catalog$fragmentType,
  },
};
export type ClientEdgeQuery_ConsumerQuery_things__ClientThing__catalog = {
  response: ClientEdgeQuery_ConsumerQuery_things__ClientThing__catalog$data,
  variables: ClientEdgeQuery_ConsumerQuery_things__ClientThing__catalog$variables,
};
*/

var node/*: ConcreteRequest*/ = (function(){
var v0 = [
  {
    "defaultValue": null,
    "kind": "LocalArgument",
    "name": "id"
  }
],
v1 = [
  {
    "kind": "Variable",
    "name": "id",
    "variableName": "id"
  }
];
return {
  "fragment": {
    "argumentDefinitions": (v0/*:: as any*/),
    "kind": "Fragment",
    "metadata": null,
    "name": "ClientEdgeQuery_ConsumerQuery_things__ClientThing__catalog",
    "selections": [
      {
        "alias": null,
        "args": (v1/*:: as any*/),
        "concreteType": null,
        "kind": "LinkedField",
        "name": "node",
        "plural": false,
        "selections": [
          {
            "args": null,
            "kind": "FragmentSpread",
            "name": "RefetchableClientEdgeQuery_ConsumerQuery_things__ClientThing__catalog"
          }
        ],
        "storageKey": null
      }
    ],
    "type": "Query",
    "abstractKey": null
  },
  "kind": "Request",
  "operation": {
    "argumentDefinitions": (v0/*:: as any*/),
    "kind": "Operation",
    "name": "ClientEdgeQuery_ConsumerQuery_things__ClientThing__catalog",
    "selections": [
      {
        "alias": null,
        "args": (v1/*:: as any*/),
        "concreteType": null,
        "kind": "LinkedField",
        "name": "node",
        "plural": false,
        "selections": [
          {
            "alias": null,
            "args": null,
            "kind": "ScalarField",
            "name": "__typename",
            "storageKey": null
          },
          {
            "alias": null,
            "args": null,
            "kind": "ScalarField",
            "name": "id",
            "storageKey": null
          },
          {
            "kind": "InlineFragment",
            "selections": [
              {
                "alias": null,
                "args": null,
                "kind": "ScalarField",
                "name": "name",
                "storageKey": null
              }
            ],
            "type": "Catalog",
            "abstractKey": null
          }
        ],
        "storageKey": null
      }
    ]
  },
  "params": {
    "cacheID": "ff28926dd9ee3fbe1a9a83880ea717f7",
    "id": null,
    "metadata": {},
    "name": "ClientEdgeQuery_ConsumerQuery_things__ClientThing__catalog",
    "operationKind": "query",
    "text": "query ClientEdgeQuery_ConsumerQuery_things__ClientThing__catalog(\n  $id: ID!\n) {\n  node(id: $id) {\n    __typename\n    ...RefetchableClientEdgeQuery_ConsumerQuery_things__ClientThing__catalog\n    id\n  }\n}\n\nfragment RefetchableClientEdgeQuery_ConsumerQuery_things__ClientThing__catalog on Catalog {\n  id\n  name\n}\n"
  }
};
})();

(node/*:: as any*/).hash = "23c985953e5254c0dc115a0f2d0617c8";

export default ((node/*:: as any*/)/*:: as Query<
  ClientEdgeQuery_ConsumerQuery_things__ClientThing__catalog$variables,
  ClientEdgeQuery_ConsumerQuery_things__ClientThing__catalog$data,
>*/);

//-++ __generated__/ClientThing____relay_model_instance.graphql.js
/**
 * <auto-generated> SignedSource<<dee5f67272cd8addd69163e27d4de846>>
 * @flow
 * @lightSyntaxTransform
 */

/* eslint-disable */

'use strict';

/*::
import type { Fragment, ReaderFragment } from 'relay-runtime';
import type { ClientThing__id$data } from "ClientThing__id.graphql";
import type { FragmentType } from "relay-runtime";
import {ClientThing as clientThingRelayModelInstanceResolverType} from "ClientThingResolver";
// Type assertion validating that `clientThingRelayModelInstanceResolverType` resolver is correctly implemented.
// A type error here indicates that the type signature of the resolver module is incorrect.
(clientThingRelayModelInstanceResolverType as (
  id: ClientThing__id$data['id'],
) => unknown);
declare export opaque type ClientThing____relay_model_instance$fragmentType: FragmentType;
export type ClientThing____relay_model_instance$data = {
  readonly __relay_model_instance: NonNullable<ReturnType<typeof clientThingRelayModelInstanceResolverType>>,
  readonly $fragmentType: ClientThing____relay_model_instance$fragmentType,
};
export type ClientThing____relay_model_instance$key = {
  readonly $data?: ClientThing____relay_model_instance$data,
  readonly $fragmentSpreads: ClientThing____relay_model_instance$fragmentType,
  ...
};
*/

import {ClientThing as clientThingRelayModelInstanceResolver} from 'ClientThingResolver';
import ClientThing__id_graphql from 'ClientThing__id.graphql';
import {resolverDataInjector} from 'relay-runtime/experimental';

var node/*: ReaderFragment*/ = {
  "argumentDefinitions": [],
  "kind": "Fragment",
  "metadata": null,
  "name": "ClientThing____relay_model_instance",
  "selections": [
    {
      "alias": null,
      "args": null,
      "fragment": {
        "args": null,
        "kind": "FragmentSpread",
        "name": "ClientThing__id"
      },
      "kind": "RelayResolver",
      "name": "__relay_model_instance",
      "resolverModule": resolverDataInjector(ClientThing__id_graphql, clientThingRelayModelInstanceResolver, 'id', true),
      "path": "__relay_model_instance"
    }
  ],
  "type": "ClientThing",
  "abstractKey": null
};

export default ((node/*:: as any*/)/*:: as Fragment<
  ClientThing____relay_model_instance$fragmentType,
  ClientThing____relay_model_instance$data,
>*/);

//-++ __generated__/ClientThing__id.graphql.js
/**
 * <auto-generated> SignedSource<<2f8cbe30a44ed95db4b0b203e7e1a0ac>>
 * @flow
 * @lightSyntaxTransform
 */

/* eslint-disable */

'use strict';

/*::
import type { Fragment, ReaderFragment } from 'relay-runtime';
import type { FragmentType } from "relay-runtime";
declare export opaque type ClientThing__id$fragmentType: FragmentType;
export type ClientThing__id$data = {
  readonly id: string,
  readonly $fragmentType: ClientThing__id$fragmentType,
};
export type ClientThing__id$key = {
  readonly $data?: ClientThing__id$data,
  readonly $fragmentSpreads: ClientThing__id$fragmentType,
  ...
};
*/

var node/*: ReaderFragment*/ = {
  "argumentDefinitions": [],
  "kind": "Fragment",
  "metadata": null,
  "name": "ClientThing__id",
  "selections": [
    {
      "kind": "ClientExtension",
      "selections": [
        {
          "alias": null,
          "args": null,
          "kind": "ScalarField",
          "name": "id",
          "storageKey": null
        }
      ]
    }
  ],
  "type": "ClientThing",
  "abstractKey": null
};

export default ((node/*:: as any*/)/*:: as Fragment<
  ClientThing__id$fragmentType,
  ClientThing__id$data,
>*/);

//-++ __generated__/ConsumerQuery.graphql.js
/**
 * <auto-generated> SignedSource<<288c309c109da60ecc39d8460430c7d8>>
 * @flow
 * @lightSyntaxTransform
 */

/* eslint-disable */

'use strict';

/*::
import type { ConcreteRequest, Query } from 'relay-runtime';
import type { DataID } from "relay-runtime";
import type { ThingsResolverFragment$key } from "ThingsResolverFragment.graphql";
import {things as queryThingsResolverType} from "ThingsResolver";
// Type assertion validating that `queryThingsResolverType` resolver is correctly implemented.
// A type error here indicates that the type signature of the resolver module is incorrect.
(queryThingsResolverType as (
  rootKey: ThingsResolverFragment$key,
) => ?ReadonlyArray<?{
  readonly __typename: "ClientThing" | "ServerThing",
  readonly id: DataID,
}>);
export type ConsumerQuery$variables = {};
export type ConsumerQuery$data = {
  readonly things: ?ReadonlyArray<?{
    readonly catalog: ?{
      readonly id: string,
      readonly name: ?string,
    },
  }>,
};
export type ConsumerQuery = {
  response: ConsumerQuery$data,
  variables: ConsumerQuery$variables,
};
*/

import ClientEdgeQuery_ConsumerQuery_things_graphql from 'ClientEdgeQuery_ConsumerQuery_things.graphql';
import ClientEdgeQuery_ConsumerQuery_things__ClientThing__catalog_graphql from 'ClientEdgeQuery_ConsumerQuery_things__ClientThing__catalog.graphql';
import {catalog as clientThingCatalogResolver} from 'ClientThingCatalogResolver';
import {ClientThing as clientThingRelayModelInstanceResolver} from 'ClientThingResolver';
import ClientThing____relay_model_instance_graphql from 'ClientThing____relay_model_instance.graphql';
import ClientThing__id_graphql from 'ClientThing__id.graphql';
import {things as queryThingsResolver} from 'ThingsResolver';
import {resolverDataInjector} from 'relay-runtime/experimental';

var node/*: ConcreteRequest*/ = (function(){
var v0 = {
  "alias": null,
  "args": null,
  "kind": "ScalarField",
  "name": "id",
  "storageKey": null
},
v1 = {
  "alias": null,
  "args": null,
  "kind": "ScalarField",
  "name": "name",
  "storageKey": null
},
v2 = {
  "alias": null,
  "args": null,
  "concreteType": "Catalog",
  "kind": "LinkedField",
  "name": "catalog",
  "plural": false,
  "selections": [
    (v0/*:: as any*/),
    (v1/*:: as any*/)
  ],
  "storageKey": null
},
v3 = {
  "kind": "InlineFragment",
  "selections": [
    (v2/*:: as any*/)
  ],
  "type": "ServerThing",
  "abstractKey": null
};
return {
  "fragment": {
    "argumentDefinitions": [],
    "kind": "Fragment",
    "metadata": {
      "hasClientEdges": true
    },
    "name": "ConsumerQuery",
    "selections": [
      {
        "kind": "ClientEdgeToClientObject",
        "concreteType": null,
        "modelResolvers": {
          "ClientThing": {
            "alias": null,
            "args": null,
            "fragment": {
              "args": null,
              "kind": "FragmentSpread",
              "name": "ClientThing__id"
            },
            "kind": "RelayResolver",
            "name": "__relay_model_instance",
            "resolverModule": resolverDataInjector(ClientThing__id_graphql, clientThingRelayModelInstanceResolver, 'id', true),
            "path": "things.__relay_model_instance"
          }
        },
        "serverObjectOperations": {
          "ServerThing": ClientEdgeQuery_ConsumerQuery_things_graphql
        },
        "backingField": {
          "alias": null,
          "args": null,
          "fragment": {
            "args": null,
            "kind": "FragmentSpread",
            "name": "ThingsResolverFragment"
          },
          "kind": "RelayResolver",
          "name": "things",
          "resolverModule": queryThingsResolver,
          "path": "things"
        },
        "linkedField": {
          "alias": null,
          "args": null,
          "concreteType": null,
          "kind": "LinkedField",
          "name": "things",
          "plural": true,
          "selections": [
            (v3/*:: as any*/),
            {
              "kind": "InlineFragment",
              "selections": [
                {
                  "kind": "ClientEdgeToServerObject",
                  "operation": ClientEdgeQuery_ConsumerQuery_things__ClientThing__catalog_graphql,
                  "backingField": {
                    "alias": null,
                    "args": null,
                    "fragment": {
                      "args": null,
                      "kind": "FragmentSpread",
                      "name": "ClientThing____relay_model_instance"
                    },
                    "kind": "RelayResolver",
                    "name": "catalog",
                    "resolverModule": resolverDataInjector(ClientThing____relay_model_instance_graphql, clientThingCatalogResolver, '__relay_model_instance', true),
                    "path": "things.catalog"
                  },
                  "linkedField": (v2/*:: as any*/)
                }
              ],
              "type": "ClientThing",
              "abstractKey": null
            }
          ],
          "storageKey": null
        }
      }
    ],
    "type": "Query",
    "abstractKey": null
  },
  "kind": "Request",
  "operation": {
    "argumentDefinitions": [],
    "kind": "Operation",
    "name": "ConsumerQuery",
    "selections": [
      {
        "kind": "ClientEdgeToClientObject",
        "backingField": {
          "name": "things",
          "args": null,
          "fragment": {
            "kind": "InlineFragment",
            "selections": [
              {
                "alias": null,
                "args": null,
                "concreteType": "User",
                "kind": "LinkedField",
                "name": "me",
                "plural": false,
                "selections": [
                  (v1/*:: as any*/)
                ],
                "storageKey": null
              }
            ],
            "type": "Query",
            "abstractKey": null
          },
          "kind": "RelayResolver",
          "storageKey": null,
          "isOutputType": false
        },
        "linkedField": {
          "alias": null,
          "args": null,
          "concreteType": null,
          "kind": "LinkedField",
          "name": "things",
          "plural": true,
          "selections": [
            {
              "alias": null,
              "args": null,
              "kind": "ScalarField",
              "name": "__typename",
              "storageKey": null
            },
            (v3/*:: as any*/),
            {
              "kind": "InlineFragment",
              "selections": [
                {
                  "name": "catalog",
                  "args": null,
                  "fragment": {
                    "kind": "InlineFragment",
                    "selections": [
                      {
                        "name": "__relay_model_instance",
                        "args": null,
                        "fragment": {
                          "kind": "InlineFragment",
                          "selections": [
                            (v0/*:: as any*/)
                          ],
                          "type": "ClientThing",
                          "abstractKey": null
                        },
                        "kind": "RelayResolver",
                        "storageKey": null,
                        "isOutputType": false
                      }
                    ],
                    "type": "ClientThing",
                    "abstractKey": null
                  },
                  "kind": "RelayResolver",
                  "storageKey": null,
                  "isOutputType": false
                }
              ],
              "type": "ClientThing",
              "abstractKey": null
            },
            (v0/*:: as any*/)
          ],
          "storageKey": null
        }
      }
    ]
  },
  "params": {
    "cacheID": "b32044a9f5fcc7855be0eb453faae514",
    "id": null,
    "metadata": {},
    "name": "ConsumerQuery",
    "operationKind": "query",
    "text": "query ConsumerQuery {\n  ...ThingsResolverFragment\n}\n\nfragment ThingsResolverFragment on Query {\n  me {\n    name\n  }\n}\n"
  }
};
})();

(node/*:: as any*/).hash = "23c985953e5254c0dc115a0f2d0617c8";

export default ((node/*:: as any*/)/*:: as Query<
  ConsumerQuery$variables,
  ConsumerQuery$data,
>*/);

//-++ __generated__/RefetchableClientEdgeQuery_ConsumerQuery_things.graphql.js
/**
 * <auto-generated> SignedSource<<b8ba6c47f25a2301eb3c7551295fcf56>>
 * @flow
 * @lightSyntaxTransform
 */

/* eslint-disable */

'use strict';

/*::
import type { ReaderFragment, RefetchableFragment } from 'relay-runtime';
import type { FragmentType } from "relay-runtime";
declare export opaque type RefetchableClientEdgeQuery_ConsumerQuery_things$fragmentType: FragmentType;
import type { ClientEdgeQuery_ConsumerQuery_things$variables } from "ClientEdgeQuery_ConsumerQuery_things.graphql";
export type RefetchableClientEdgeQuery_ConsumerQuery_things$data = {
  readonly catalog: ?{
    readonly id: string,
    readonly name: ?string,
  },
  readonly id: string,
  readonly $fragmentType: RefetchableClientEdgeQuery_ConsumerQuery_things$fragmentType,
};
export type RefetchableClientEdgeQuery_ConsumerQuery_things$key = {
  readonly $data?: RefetchableClientEdgeQuery_ConsumerQuery_things$data,
  readonly $fragmentSpreads: RefetchableClientEdgeQuery_ConsumerQuery_things$fragmentType,
  ...
};
*/

import ClientEdgeQuery_ConsumerQuery_things_graphql from 'ClientEdgeQuery_ConsumerQuery_things.graphql';

var node/*: ReaderFragment*/ = (function(){
var v0 = {
  "alias": null,
  "args": null,
  "kind": "ScalarField",
  "name": "id",
  "storageKey": null
};
return {
  "argumentDefinitions": [],
  "kind": "Fragment",
  "metadata": {
    "refetch": {
      "connection": null,
      "fragmentPathInResult": [
        "node"
      ],
      "operation": ClientEdgeQuery_ConsumerQuery_things_graphql,
      "identifierInfo": {
        "identifierField": "id",
        "identifierQueryVariableName": "id"
      }
    }
  },
  "name": "RefetchableClientEdgeQuery_ConsumerQuery_things",
  "selections": [
    {
      "alias": null,
      "args": null,
      "concreteType": "Catalog",
      "kind": "LinkedField",
      "name": "catalog",
      "plural": false,
      "selections": [
        (v0/*:: as any*/),
        {
          "alias": null,
          "args": null,
          "kind": "ScalarField",
          "name": "name",
          "storageKey": null
        }
      ],
      "storageKey": null
    },
    (v0/*:: as any*/)
  ],
  "type": "ServerThing",
  "abstractKey": null
};
})();

(node/*:: as any*/).hash = "23c985953e5254c0dc115a0f2d0617c8";

export default ((node/*:: as any*/)/*:: as RefetchableFragment<
  RefetchableClientEdgeQuery_ConsumerQuery_things$fragmentType,
  RefetchableClientEdgeQuery_ConsumerQuery_things$data,
  ClientEdgeQuery_ConsumerQuery_things$variables,
>*/);

//-++ __generated__/RefetchableClientEdgeQuery_ConsumerQuery_things__ClientThing__catalog.graphql.js
/**
 * <auto-generated> SignedSource<<2e7ccd02a71f3a6c48ce2bb11ea1e0b1>>
 * @flow
 * @lightSyntaxTransform
 */

/* eslint-disable */

'use strict';

/*::
import type { ReaderFragment, RefetchableFragment } from 'relay-runtime';
import type { FragmentType } from "relay-runtime";
declare export opaque type RefetchableClientEdgeQuery_ConsumerQuery_things__ClientThing__catalog$fragmentType: FragmentType;
import type { ClientEdgeQuery_ConsumerQuery_things__ClientThing__catalog$variables } from "ClientEdgeQuery_ConsumerQuery_things__ClientThing__catalog.graphql";
export type RefetchableClientEdgeQuery_ConsumerQuery_things__ClientThing__catalog$data = {
  readonly id: string,
  readonly name: ?string,
  readonly $fragmentType: RefetchableClientEdgeQuery_ConsumerQuery_things__ClientThing__catalog$fragmentType,
};
export type RefetchableClientEdgeQuery_ConsumerQuery_things__ClientThing__catalog$key = {
  readonly $data?: RefetchableClientEdgeQuery_ConsumerQuery_things__ClientThing__catalog$data,
  readonly $fragmentSpreads: RefetchableClientEdgeQuery_ConsumerQuery_things__ClientThing__catalog$fragmentType,
  ...
};
*/

import ClientEdgeQuery_ConsumerQuery_things__ClientThing__catalog_graphql from 'ClientEdgeQuery_ConsumerQuery_things__ClientThing__catalog.graphql';

var node/*: ReaderFragment*/ = {
  "argumentDefinitions": [],
  "kind": "Fragment",
  "metadata": {
    "refetch": {
      "connection": null,
      "fragmentPathInResult": [
        "node"
      ],
      "operation": ClientEdgeQuery_ConsumerQuery_things__ClientThing__catalog_graphql,
      "identifierInfo": {
        "identifierField": "id",
        "identifierQueryVariableName": "id"
      }
    }
  },
  "name": "RefetchableClientEdgeQuery_ConsumerQuery_things__ClientThing__catalog",
  "selections": [
    {
      "alias": null,
      "args": null,
      "kind": "ScalarField",
      "name": "id",
      "storageKey": null
    },
    {
      "alias": null,
      "args": null,
      "kind": "ScalarField",
      "name": "name",
      "storageKey": null
    }
  ],
  "type": "Catalog",
  "abstractKey": null
};

(node/*:: as any*/).hash = "23c985953e5254c0dc115a0f2d0617c8";

export default ((node/*:: as any*/)/*:: as RefetchableFragment<
  RefetchableClientEdgeQuery_ConsumerQuery_things__ClientThing__catalog$fragmentType,
  RefetchableClientEdgeQuery_ConsumerQuery_things__ClientThing__catalog$data,
  ClientEdgeQuery_ConsumerQuery_things__ClientThing__catalog$variables,
>*/);

//-++ __generated__/ThingsResolverFragment.graphql.js
/**
 * <auto-generated> SignedSource<<a1e28328e6077203fd09d69d61cc4951>>
 * @flow
 * @lightSyntaxTransform
 */

/* eslint-disable */

'use strict';

/*::
import type { Fragment, ReaderFragment } from 'relay-runtime';
import type { FragmentType } from "relay-runtime";
declare export opaque type ThingsResolverFragment$fragmentType: FragmentType;
export type ThingsResolverFragment$data = {
  readonly me: ?{
    readonly name: ?string,
  },
  readonly $fragmentType: ThingsResolverFragment$fragmentType,
};
export type ThingsResolverFragment$key = {
  readonly $data?: ThingsResolverFragment$data,
  readonly $fragmentSpreads: ThingsResolverFragment$fragmentType,
  ...
};
*/

var node/*: ReaderFragment*/ = {
  "argumentDefinitions": [],
  "kind": "Fragment",
  "metadata": null,
  "name": "ThingsResolverFragment",
  "selections": [
    {
      "alias": null,
      "args": null,
      "concreteType": "User",
      "kind": "LinkedField",
      "name": "me",
      "plural": false,
      "selections": [
        {
          "alias": null,
          "args": null,
          "kind": "ScalarField",
          "name": "name",
          "storageKey": null
        }
      ],
      "storageKey": null
    }
  ],
  "type": "Query",
  "abstractKey": null
};

(node/*:: as any*/).hash = "6055d63df6df0a27c7c893384b3b31b3";

export default ((node/*:: as any*/)/*:: as Fragment<
  ThingsResolverFragment$fragmentType,
  ThingsResolverFragment$data,
>*/);



Artifact Map:
Project: default
  Type: Mapping
  - Source: ExecutableDefinition: ConsumerQuery
    Path: __generated__/ClientEdgeQuery_ConsumerQuery_things.graphql.js
    Path: __generated__/ClientEdgeQuery_ConsumerQuery_things__ClientThing__catalog.graphql.js
    Path: __generated__/ConsumerQuery.graphql.js
    Path: __generated__/RefetchableClientEdgeQuery_ConsumerQuery_things.graphql.js
    Path: __generated__/RefetchableClientEdgeQuery_ConsumerQuery_things__ClientThing__catalog.graphql.js
  - Source: ExecutableDefinition: ThingsResolverFragment
    Path: __generated__/ThingsResolverFragment.graphql.js
  - Source: ResolverHash: ResolverSourceHash("5ae6341d36fbdbf92fcd286958e75e6b")
    Path: __generated__/ClientThing____relay_model_instance.graphql.js
    Path: __generated__/ClientThing__id.graphql.js
