==================================== INPUT ====================================
//- PersonComponent.js
graphql`fragment PersonComponentFragment on IPerson {
  name
}`

//- UserTypeResolvers.js
/**
 * @RelayResolver User implements IPerson
 */

 /**
  * @RelayResolver User.name: String
  */

//- AdminTypeResolvers.js
/**
 * @RelayResolver Admin implements IPerson
 */

# Admin should implement name, but does not!

//- relay.config.json
{
  "language": "flow",
  "jsModuleFormat": "haste",
  "schema": "schema.graphql",
  "schemaExtensions": [
    "schema-extensions"
  ],
  "featureFlags": {
    "enable_resolver_normalization_ast": true,
    "relay_resolver_enable_interface_output_type": { "kind": "enabled" }
  }
}

//- schema.graphql
type Query {
  some_field: Boolean
}

//- schema-extensions/extension.graphql
interface IPerson {
  id: ID!
  name: String
}
==================================== OUTPUT ===================================
✖︎ Interface field 'IPerson.name' expected but type 'Admin' does not provide it.

  AdminTypeResolvers.js:2:19
    1 │ *
    2 │  * @RelayResolver Admin implements IPerson
      │                   ^^^^^
    3 │  

  ℹ︎ The interface field is defined here:

  schema-extensions/extension.graphql:3:3
    2 │   id: ID!
    3 │   name: String
      │   ^^^^
    4 │ }
