==================================== INPUT ====================================
# expected-to-throw
fragment User_fragment on User {
  __id: name
}

fragment Page_fragment on Node {
  ... on Page {
    __id: author {
      name
    }
  }
}
==================================== ERROR ====================================
[31m✖︎ Relay does not allow aliasing fields to `__id`.[0m

  [4mrelay_id-alias-with-errors.invalid.graphql[0m[2m:3:3[0m
[1m    2 │ [0mfragment User_fragment on User {
[1m    3 │ [0m  [31m_[0m[31m_[0m[31mi[0m[31md[0m: name
      │ [31m  ^^^^[0m
[1m    4 │ [0m}


[31m✖︎ Relay does not allow aliasing fields to `__id`.[0m

  [4mrelay_id-alias-with-errors.invalid.graphql[0m[2m:8:5[0m
[1m    7 │ [0m  ... on Page {
[1m    8 │ [0m    [31m_[0m[31m_[0m[31mi[0m[31md[0m: author {
      │ [31m    ^^^^[0m
[1m    9 │ [0m      name
