==================================== INPUT ====================================
# expected-to-throw
fragment User_fragment on User {
  __typename: name
}

fragment Page_fragment on Node {
  ... on Page {
    __typename: author {
      name
    }
  }
}
==================================== ERROR ====================================
✖︎ Relay does not allow aliasing fields to `__typename`.

  typename-alias-with-errors.invalid.graphql:3:3
    2 │ fragment User_fragment on User {
    3 │   __typename: name
      │   ^^^^^^^^^^
    4 │ }


✖︎ Relay does not allow aliasing fields to `__typename`.

  typename-alias-with-errors.invalid.graphql:8:5
    7 │   ... on Page {
    8 │     __typename: author {
      │     ^^^^^^^^^^
    9 │       name
