==================================== INPUT ====================================
fragment Test on User {
  photo (size: $size {
    url
  }
}
==================================== OUTPUT ===================================
ExecutableDocument {
    span: 0:61,
    definitions: [
        FragmentDefinition {
            location: argument-without-closing-paren.graphql:0:60,
            fragment: Token {
                span: 0:8,
                kind: Identifier,
            },
            name: Identifier {
                span: 9:13,
                token: Token {
                    span: 9:13,
                    kind: Identifier,
                },
                value: "Test",
            },
            variable_definitions: None,
            type_condition: TypeCondition {
                span: 14:21,
                on: Token {
                    span: 14:16,
                    kind: Identifier,
                },
                type_: Identifier {
                    span: 17:21,
                    token: Token {
                        span: 17:21,
                        kind: Identifier,
                    },
                    value: "User",
                },
            },
            directives: [],
            selections: List {
                span: 22:60,
                start: Token {
                    span: 22:23,
                    kind: OpenBrace,
                },
                items: [
                    LinkedField {
                        span: 26:58,
                        alias: None,
                        name: Identifier {
                            span: 26:31,
                            token: Token {
                                span: 26:31,
                                kind: Identifier,
                            },
                            value: "photo",
                        },
                        arguments: Some(
                            List {
                                span: 32:44,
                                start: Token {
                                    span: 32:33,
                                    kind: OpenParen,
                                },
                                items: [
                                    Argument {
                                        span: 33:44,
                                        name: Identifier {
                                            span: 33:37,
                                            token: Token {
                                                span: 33:37,
                                                kind: Identifier,
                                            },
                                            value: "size",
                                        },
                                        colon: Token {
                                            span: 37:38,
                                            kind: Colon,
                                        },
                                        value: Variable(
                                            VariableIdentifier {
                                                span: 39:44,
                                                token: Token {
                                                    span: 40:44,
                                                    kind: Identifier,
                                                },
                                                name: "size",
                                            },
                                        ),
                                    },
                                ],
                                end: Token {
                                    span: 44:44,
                                    kind: Empty,
                                },
                            },
                        ),
                        directives: [],
                        selections: List {
                            span: 45:58,
                            start: Token {
                                span: 45:46,
                                kind: OpenBrace,
                            },
                            items: [
                                ScalarField {
                                    span: 51:54,
                                    alias: None,
                                    name: Identifier {
                                        span: 51:54,
                                        token: Token {
                                            span: 51:54,
                                            kind: Identifier,
                                        },
                                        value: "url",
                                    },
                                    arguments: None,
                                    directives: [],
                                },
                            ],
                            end: Token {
                                span: 57:58,
                                kind: CloseBrace,
                            },
                        },
                    },
                ],
                end: Token {
                    span: 59:60,
                    kind: CloseBrace,
                },
            },
        },
    ],
}
Errors:
✖︎ Expected a closing paren (')')

  argument-without-closing-paren.graphql:2:22
    1 │ fragment Test on User {
    2 │   photo (size: $size {
      │                      ^
    3 │     url
