==================================== INPUT ====================================
fragment RefetchableFragment on Node
  @refetchable(queryName: "RefetchableFragmentQuery") {
  id
  ... on User {
    name
    ...ProfilePicture
  }
}

fragment ProfilePicture on User {
  profilePicture(size: $size) {
    uri
  }
}
==================================== OUTPUT ===================================
query RefetchableFragmentQuery(
  $size: [Int]
  $id: ID!
) @__RefetchableDerivedFromMetadata
# RefetchableDerivedFromMetadata(
#     "RefetchableFragment",
# )
 {
  node(id: $id) {
    ...RefetchableFragment
  }
}

fragment ProfilePicture on User {
  profilePicture(size: $size) {
    uri
  }
}

fragment RefetchableFragment on Node @refetchable(queryName: "RefetchableFragmentQuery") @__RefetchableMetadata
# RefetchableMetadata {
#     operation_name: "RefetchableFragmentQuery",
#     path: [
#         "node",
#     ],
#     identifier_field: Some(
#         "id",
#     ),
# }
 {
  id
  ... on User {
    name
    ...ProfilePicture
  }
}
