==================================== INPUT ====================================
query SimpleQuery @relay_test_operation {
  node(id: "test-id") {
    id
    ... on User {
      name
    }
  }
}
==================================== OUTPUT ===================================
query SimpleQuery @__metadata(relayTestingSelectionTypeInfo: {node: {enumValues: null, nullable: true, plural: false, type: "Node"}, node.id: {enumValues: null, nullable: false, plural: false, type: "ID"}, node.name: {enumValues: null, nullable: true, plural: false, type: "String"}}) {
  node(id: "test-id") {
    id
    ... on User {
      name
    }
  }
}
