==================================== INPUT ====================================
# expected-to-throw

type User {
  name: String
}

# %extensions%

extend type User {
  nickname: String
  nickname: ID
}
==================================== ERROR ====================================
✖︎ Duplicate field definition 'nickname' found.

  <generated>:1:1
    1 │ # expected-to-throw
    2 │
