==================================== INPUT ====================================
fragment MyFragment on Node  {
  id
  ... @catch(to: RESULT) @alias(as: "myAlias") {
    name
  }
}
==================================== OUTPUT ===================================
{
  "argumentDefinitions": [],
  "kind": "Fragment",
  "metadata": null,
  "name": "MyFragment",
  "selections": [
    {
      "alias": null,
      "args": null,
      "kind": "ScalarField",
      "name": "id",
      "storageKey": null
    },
    {
      "kind": "CatchField",
      "field": {
        "fragment": {
          "kind": "InlineFragment",
          "selections": [
            {
              "alias": null,
              "args": null,
              "kind": "ScalarField",
              "name": "name",
              "storageKey": null
            }
          ],
          "type": null,
          "abstractKey": null
        },
        "kind": "AliasedInlineFragmentSpread",
        "name": "myAlias"
      },
      "to": "RESULT"
    }
  ],
  "type": "Node",
  "abstractKey": "__isNode"
}
