==================================== INPUT ====================================
# expected-to-throw
# relay:no_custom_scalar_literals

query CustomScalarLiteralArgQuery {
    extension_field(custom_scalar_arg: ["1234", "5678"]) {
        __typename
    }
    extension_scalar_field(custom_scalar_arg: ["1234", "5678"])
}

# %extensions%

scalar CustomScalarType

type Obj {
    some_key: Int!
}

extend type Query {
    extension_field(custom_scalar_arg: [CustomScalarType!]!): Obj
    extension_scalar_field(custom_scalar_arg: [CustomScalarType!]!): Int
}
==================================== ERROR ====================================
✖︎ Unexpected scalar literal `"1234"` provided in a position expecting custom scalar type `CustomScalarType`. This value should come from a variable.

  list_of_custom_scalar_literal_arg.invalid.graphql:5:41
    4 │ query CustomScalarLiteralArgQuery {
    5 │     extension_field(custom_scalar_arg: ["1234", "5678"]) {
      │                                         ^^^^^^
    6 │         __typename


✖︎ Unexpected scalar literal `"5678"` provided in a position expecting custom scalar type `CustomScalarType`. This value should come from a variable.

  list_of_custom_scalar_literal_arg.invalid.graphql:5:49
    4 │ query CustomScalarLiteralArgQuery {
    5 │     extension_field(custom_scalar_arg: ["1234", "5678"]) {
      │                                                 ^^^^^^
    6 │         __typename


✖︎ Unexpected scalar literal `"1234"` provided in a position expecting custom scalar type `CustomScalarType`. This value should come from a variable.

  list_of_custom_scalar_literal_arg.invalid.graphql:8:48
    7 │     }
    8 │     extension_scalar_field(custom_scalar_arg: ["1234", "5678"])
      │                                                ^^^^^^
    9 │ }


✖︎ Unexpected scalar literal `"5678"` provided in a position expecting custom scalar type `CustomScalarType`. This value should come from a variable.

  list_of_custom_scalar_literal_arg.invalid.graphql:8:56
    7 │     }
    8 │     extension_scalar_field(custom_scalar_arg: ["1234", "5678"])
      │                                                        ^^^^^^
    9 │ }
